Archive member included to satisfy reference by file (symbol)

.build/obj_crkbd_rev1_legacy_thefrey/ssd1306.a(ssd1306.o)
                              .build/obj_crkbd_rev1_legacy_thefrey/keyboards/crkbd/keymaps/thefrey/keymap.o (display)
.build/obj_crkbd_rev1_legacy_thefrey/i2c.a(i2c.o)
                              .build/obj_crkbd_rev1_legacy_thefrey/ssd1306.a(ssd1306.o) (i2c_master_init)
.build/obj_crkbd_rev1_legacy_thefrey/serial.a(serial.o)
                              .build/obj_crkbd_rev1_legacy_thefrey/split_scomm.o (soft_serial_initiator_init)
/usr/local/Cellar/avr-gcc@8/8.4.0_2/lib/avr-gcc/8/gcc/avr/8.4.0/avr5/libgcc.a(_udivmodqi4.o)
                              .build/obj_crkbd_rev1_legacy_thefrey/quantum/rgblight.o (__udivmodqi4)
/usr/local/Cellar/avr-gcc@8/8.4.0_2/lib/avr-gcc/8/gcc/avr/8.4.0/avr5/libgcc.a(_divmodqi4.o)
                              .build/obj_crkbd_rev1_legacy_thefrey/quantum/rgblight.o (__divmodqi4)
/usr/local/Cellar/avr-gcc@8/8.4.0_2/lib/avr-gcc/8/gcc/avr/8.4.0/avr5/libgcc.a(_udivmodhi4.o)
                              .build/obj_crkbd_rev1_legacy_thefrey/quantum/color.o (__udivmodhi4)
/usr/local/Cellar/avr-gcc@8/8.4.0_2/lib/avr-gcc/8/gcc/avr/8.4.0/avr5/libgcc.a(_divmodhi4.o)
                              .build/obj_crkbd_rev1_legacy_thefrey/quantum/rgblight.o (__divmodhi4)
/usr/local/Cellar/avr-gcc@8/8.4.0_2/lib/avr-gcc/8/gcc/avr/8.4.0/avr5/libgcc.a(_udivmodsi4.o)
                              .build/obj_crkbd_rev1_legacy_thefrey/quantum/rgblight.o (__udivmodsi4)
/usr/local/Cellar/avr-gcc@8/8.4.0_2/lib/avr-gcc/8/gcc/avr/8.4.0/avr5/libgcc.a(_exit.o)
                              /usr/local/Cellar/avr-gcc@8/8.4.0_2/lib/avr-gcc/8/gcc/avr/8.4.0/../../../../../../avr/lib/avr5/crtatmega32u4.o (exit)
/usr/local/Cellar/avr-gcc@8/8.4.0_2/lib/avr-gcc/8/gcc/avr/8.4.0/avr5/libgcc.a(_tablejump2.o)
                              .build/obj_crkbd_rev1_legacy_thefrey/quantum/process_keycode/process_rgb.o (__tablejump2__)
/usr/local/Cellar/avr-gcc@8/8.4.0_2/lib/avr-gcc/8/gcc/avr/8.4.0/avr5/libgcc.a(_copy_data.o)
                              .build/obj_crkbd_rev1_legacy_thefrey/matrix.o (__do_copy_data)
/usr/local/Cellar/avr-gcc@8/8.4.0_2/lib/avr-gcc/8/gcc/avr/8.4.0/avr5/libgcc.a(_clear_bss.o)
                              .build/obj_crkbd_rev1_legacy_thefrey/matrix.o (__do_clear_bss)
/usr/local/Cellar/avr-gcc@8/8.4.0_2/lib/avr-gcc/8/gcc/avr/8.4.0/avr5/libgcc.a(_mulhisi3.o)
                              .build/obj_crkbd_rev1_legacy_thefrey/quantum/rgblight.o (__mulhisi3)
/usr/local/Cellar/avr-gcc@8/8.4.0_2/lib/avr-gcc/8/gcc/avr/8.4.0/avr5/libgcc.a(_umulhisi3.o)
                              .build/obj_crkbd_rev1_legacy_thefrey/quantum/rgblight.o (__umulhisi3)
/usr/local/Cellar/avr-gcc@8/8.4.0_2/lib/avr-gcc/8/gcc/avr/8.4.0/avr5/libgcc.a(_usmulhisi3.o)
                              /usr/local/Cellar/avr-gcc@8/8.4.0_2/lib/avr-gcc/8/gcc/avr/8.4.0/avr5/libgcc.a(_mulhisi3.o) (__usmulhisi3_tail)
/usr/local/Cellar/avr-gcc@8/8.4.0_2/lib/avr-gcc/8/gcc/avr/8.4.0/avr5/libgcc.a(_muluhisi3.o)
                              .build/obj_crkbd_rev1_legacy_thefrey/quantum/rgblight.o (__muluhisi3)
/usr/local/Cellar/avr-gcc@8/8.4.0_2/lib/avr-gcc/8/gcc/avr/8.4.0/avr5/libgcc.a(_mulshisi3.o)
                              .build/obj_crkbd_rev1_legacy_thefrey/quantum/rgblight.o (__mulshisi3)
/usr/local/Cellar/avr-gcc@8/8.4.0_2/lib/avr-gcc/8/gcc/avr/8.4.0/../../../../../../avr/lib/avr5/libc.a(rand.o)
                              .build/obj_crkbd_rev1_legacy_thefrey/quantum/rgblight.o (rand)
/usr/local/Cellar/avr-gcc@8/8.4.0_2/lib/avr-gcc/8/gcc/avr/8.4.0/../../../../../../avr/lib/avr5/libc.a(memchr.o)
                              .build/obj_crkbd_rev1_legacy_thefrey/quantum/rgblight.o (memchr)
/usr/local/Cellar/avr-gcc@8/8.4.0_2/lib/avr-gcc/8/gcc/avr/8.4.0/../../../../../../avr/lib/avr5/libc.a(memcmp.o)
                              .build/obj_crkbd_rev1_legacy_thefrey/matrix.o (memcmp)
/usr/local/Cellar/avr-gcc@8/8.4.0_2/lib/avr-gcc/8/gcc/avr/8.4.0/../../../../../../avr/lib/avr5/libc.a(memmove.o)
                              .build/obj_crkbd_rev1_legacy_thefrey/ssd1306.a(ssd1306.o) (memmove)
/usr/local/Cellar/avr-gcc@8/8.4.0_2/lib/avr-gcc/8/gcc/avr/8.4.0/../../../../../../avr/lib/avr5/libc.a(memset.o)
                              .build/obj_crkbd_rev1_legacy_thefrey/ssd1306.a(ssd1306.o) (memset)
/usr/local/Cellar/avr-gcc@8/8.4.0_2/lib/avr-gcc/8/gcc/avr/8.4.0/../../../../../../avr/lib/avr5/libc.a(strcpy.o)
                              .build/obj_crkbd_rev1_legacy_thefrey/./lib/layer_state_reader.o (strcpy)
/usr/local/Cellar/avr-gcc@8/8.4.0_2/lib/avr-gcc/8/gcc/avr/8.4.0/../../../../../../avr/lib/avr5/libc.a(snprintf.o)
                              .build/obj_crkbd_rev1_legacy_thefrey/./lib/rgb_state_reader.o (snprintf)
/usr/local/Cellar/avr-gcc@8/8.4.0_2/lib/avr-gcc/8/gcc/avr/8.4.0/../../../../../../avr/lib/avr5/libc.a(vfprintf_std.o)
[...]
Memory Configuration

Name             Origin             Length             Attributes
text             0x0000000000000000 0x0000000000020000 xr
data             0x0000000000800060 0x000000000000ffa0 rw !x
eeprom           0x0000000000810000 0x0000000000010000 rw !x
fuse             0x0000000000820000 0x0000000000000400 rw !x
lock             0x0000000000830000 0x0000000000000400 rw !x
signature        0x0000000000840000 0x0000000000000400 rw !x
user_signatures  0x0000000000850000 0x0000000000000400 rw !x
*default*        0x0000000000000000 0xffffffffffffffff

Linker script and memory map

Address of section .data set to 0x800100
LOAD /usr/local/Cellar/avr-gcc@8/8.4.0_2/lib/avr-gcc/8/gcc/avr/8.4.0/../../../../../../avr/lib/avr5/crtatmega32u4.o
LOAD .build/obj_crkbd_rev1_legacy_thefrey/matrix.o
LOAD .build/obj_crkbd_rev1_legacy_thefrey/split_util.o
LOAD .build/obj_crkbd_rev1_legacy_thefrey/split_scomm.o
LOAD .build/obj_crkbd_rev1_legacy_thefrey/./lib/glcdfont.o
LOAD .build/obj_crkbd_rev1_legacy_thefrey/./lib/rgb_state_reader.o
LOAD .build/obj_crkbd_rev1_legacy_thefrey/./lib/layer_state_reader.o
LOAD .build/obj_crkbd_rev1_legacy_thefrey/./lib/logo_reader.o
LOAD .build/obj_crkbd_rev1_legacy_thefrey/./lib/keylogger.o
LOAD .build/obj_crkbd_rev1_legacy_thefrey/keyboards/crkbd/crkbd.o
LOAD .build/obj_crkbd_rev1_legacy_thefrey/keyboards/crkbd/rev1/rev1.o
LOAD .build/obj_crkbd_rev1_legacy_thefrey/keyboards/crkbd/rev1/legacy/legacy.o
LOAD .build/obj_crkbd_rev1_legacy_thefrey/keyboards/crkbd/keymaps/thefrey/keymap.o
LOAD .build/obj_crkbd_rev1_legacy_thefrey/quantum/quantum.o
LOAD .build/obj_crkbd_rev1_legacy_thefrey/quantum/led.o
LOAD .build/obj_crkbd_rev1_legacy_thefrey/quantum/keymap_common.o
LOAD .build/obj_crkbd_rev1_legacy_thefrey/quantum/keycode_config.o
LOAD .build/obj_crkbd_rev1_legacy_thefrey/quantum/debounce/sym_defer_g.o
LOAD .build/obj_crkbd_rev1_legacy_thefrey/quantum/color.o
LOAD .build/obj_crkbd_rev1_legacy_thefrey/quantum/rgblight.o
LOAD .build/obj_crkbd_rev1_legacy_thefrey/quantum/process_keycode/process_rgb.o
LOAD .build/obj_crkbd_rev1_legacy_thefrey/ws2812.o
LOAD .build/obj_crkbd_rev1_legacy_thefrey/quantum/led_tables.o
LOAD .build/obj_crkbd_rev1_legacy_thefrey/quantum/process_keycode/process_space_cadet.o
LOAD .build/obj_crkbd_rev1_legacy_thefrey/quantum/process_keycode/process_magic.o
LOAD .build/obj_crkbd_rev1_legacy_thefrey/quantum/process_keycode/process_grave_esc.o
LOAD .build/obj_crkbd_rev1_legacy_thefrey/ssd1306.a
LOAD .build/obj_crkbd_rev1_legacy_thefrey/i2c.a
LOAD .build/obj_crkbd_rev1_legacy_thefrey/serial.a
LOAD .build/obj_crkbd_rev1_legacy_thefrey/common/host.o
LOAD .build/obj_crkbd_rev1_legacy_thefrey/common/keyboard.o
LOAD .build/obj_crkbd_rev1_legacy_thefrey/common/action.o
LOAD .build/obj_crkbd_rev1_legacy_thefrey/common/action_tapping.o
LOAD .build/obj_crkbd_rev1_legacy_thefrey/common/action_macro.o
LOAD .build/obj_crkbd_rev1_legacy_thefrey/common/action_layer.o
LOAD .build/obj_crkbd_rev1_legacy_thefrey/common/action_util.o
LOAD .build/obj_crkbd_rev1_legacy_thefrey/common/print.o
LOAD .build/obj_crkbd_rev1_legacy_thefrey/common/debug.o
LOAD .build/obj_crkbd_rev1_legacy_thefrey/common/sendchar_null.o
LOAD .build/obj_crkbd_rev1_legacy_thefrey/common/util.o
LOAD .build/obj_crkbd_rev1_legacy_thefrey/common/eeconfig.o
LOAD .build/obj_crkbd_rev1_legacy_thefrey/common/report.o
LOAD .build/obj_crkbd_rev1_legacy_thefrey/common/avr/suspend.o
LOAD .build/obj_crkbd_rev1_legacy_thefrey/common/avr/timer.o
LOAD .build/obj_crkbd_rev1_legacy_thefrey/common/avr/bootloader.o
LOAD .build/obj_crkbd_rev1_legacy_thefrey/common/avr/xprintf.o
LOAD .build/obj_crkbd_rev1_legacy_thefrey/common/magic.o
LOAD .build/obj_crkbd_rev1_legacy_thefrey/lufa.o
LOAD .build/obj_crkbd_rev1_legacy_thefrey/usb_descriptor.o
LOAD .build/obj_crkbd_rev1_legacy_thefrey/lib/lufa/LUFA/Drivers/USB/Class/Common/HIDParser.o
LOAD .build/obj_crkbd_rev1_legacy_thefrey/lib/lufa/LUFA/Drivers/USB/Core/AVR8/Device_AVR8.o
LOAD .build/obj_crkbd_rev1_legacy_thefrey/lib/lufa/LUFA/Drivers/USB/Core/AVR8/EndpointStream_AVR8.o
LOAD .build/obj_crkbd_rev1_legacy_thefrey/lib/lufa/LUFA/Drivers/USB/Core/AVR8/Endpoint_AVR8.o
LOAD .build/obj_crkbd_rev1_legacy_thefrey/lib/lufa/LUFA/Drivers/USB/Core/AVR8/Host_AVR8.o
LOAD .build/obj_crkbd_rev1_legacy_thefrey/lib/lufa/LUFA/Drivers/USB/Core/AVR8/PipeStream_AVR8.o
LOAD .build/obj_crkbd_rev1_legacy_thefrey/lib/lufa/LUFA/Drivers/USB/Core/AVR8/Pipe_AVR8.o
LOAD .build/obj_crkbd_rev1_legacy_thefrey/lib/lufa/LUFA/Drivers/USB/Core/AVR8/USBController_AVR8.o
LOAD .build/obj_crkbd_rev1_legacy_thefrey/lib/lufa/LUFA/Drivers/USB/Core/AVR8/USBInterrupt_AVR8.o
LOAD .build/obj_crkbd_rev1_legacy_thefrey/lib/lufa/LUFA/Drivers/USB/Core/ConfigDescriptors.o
LOAD .build/obj_crkbd_rev1_legacy_thefrey/lib/lufa/LUFA/Drivers/USB/Core/DeviceStandardReq.o
LOAD .build/obj_crkbd_rev1_legacy_thefrey/lib/lufa/LUFA/Drivers/USB/Core/Events.o
LOAD .build/obj_crkbd_rev1_legacy_thefrey/lib/lufa/LUFA/Drivers/USB/Core/HostStandardReq.o
LOAD .build/obj_crkbd_rev1_legacy_thefrey/lib/lufa/LUFA/Drivers/USB/Core/USBTask.o
LOAD /usr/local/Cellar/avr-gcc@8/8.4.0_2/lib/avr-gcc/8/gcc/avr/8.4.0/../../../../../../avr/lib/avr5/libm.a
START GROUP
LOAD /usr/local/Cellar/avr-gcc@8/8.4.0_2/lib/avr-gcc/8/gcc/avr/8.4.0/avr5/libgcc.a
LOAD /usr/local/Cellar/avr-gcc@8/8.4.0_2/lib/avr-gcc/8/gcc/avr/8.4.0/../../../../../../avr/lib/avr5/libm.a
LOAD /usr/local/Cellar/avr-gcc@8/8.4.0_2/lib/avr-gcc/8/gcc/avr/8.4.0/../../../../../../avr/lib/avr5/libc.a
LOAD /usr/local/Cellar/avr-gcc@8/8.4.0_2/lib/avr-gcc/8/gcc/avr/8.4.0/../../../../../../avr/lib/avr5/libatmega32u4.a
END GROUP
                0x0000000000020000                __TEXT_REGION_LENGTH__ = DEFINED (__TEXT_REGION_LENGTH__)?__TEXT_REGION_LENGTH__:0x20000
                0x000000000000ffa0                __DATA_REGION_LENGTH__ = DEFINED (__DATA_REGION_LENGTH__)?__DATA_REGION_LENGTH__:0xffa0
                0x0000000000010000                __EEPROM_REGION_LENGTH__ = DEFINED (__EEPROM_REGION_LENGTH__)?__EEPROM_REGION_LENGTH__:0x10000
                0x0000000000000400                __FUSE_REGION_LENGTH__ = DEFINED (__FUSE_REGION_LENGTH__)?__FUSE_REGION_LENGTH__:0x400
                0x0000000000000400                __LOCK_REGION_LENGTH__ = DEFINED (__LOCK_REGION_LENGTH__)?__LOCK_REGION_LENGTH__:0x400
                0x0000000000000400                __SIGNATURE_REGION_LENGTH__ = DEFINED (__SIGNATURE_REGION_LENGTH__)?__SIGNATURE_REGION_LENGTH__:0x400
                0x0000000000000400                __USER_SIGNATURE_REGION_LENGTH__ = DEFINED (__USER_SIGNATURE_REGION_LENGTH__)?__USER_SIGNATURE_REGION_LENGTH__:0x400

.hash
 *(.hash)

.dynsym
 *(.dynsym)

.dynstr
 *(.dynstr)

.gnu.version
 *(.gnu.version)

.gnu.version_d
 *(.gnu.version_d)

.gnu.version_r
 *(.gnu.version_r)

.rel.init
 *(.rel.init)

.rela.init
 *(.rela.init)

.rel.text
 *(.rel.text)
 *(.rel.text.*)
 *(.rel.gnu.linkonce.t*)

.rela.text
 *(.rela.text)
 *(.rela.text.*)
 *(.rela.gnu.linkonce.t*)

.rel.fini
 *(.rel.fini)

.rela.fini
 *(.rela.fini)

.rel.rodata
 *(.rel.rodata)
 *(.rel.rodata.*)
 *(.rel.gnu.linkonce.r*)

.rela.rodata
 *(.rela.rodata)
 *(.rela.rodata.*)
 *(.rela.gnu.linkonce.r*)

.rel.data
 *(.rel.data)
 *(.rel.data.*)
 *(.rel.gnu.linkonce.d*)

.rela.data
 *(.rela.data)
 *(.rela.data.*)
 *(.rela.gnu.linkonce.d*)

.rel.ctors
 *(.rel.ctors)

.rela.ctors
 *(.rela.ctors)

.rel.dtors
 *(.rel.dtors)

.rela.dtors
 *(.rela.dtors)

.rel.got
 *(.rel.got)

.rela.got
 *(.rela.got)

.rel.bss
 *(.rel.bss)

.rela.bss
 *(.rela.bss)

.rel.plt
 *(.rel.plt)

.rela.plt
 *(.rela.plt)

.text           0x0000000000000000     0x61c6
 *(.vectors)
 .vectors       0x0000000000000000       0xac /usr/local/Cellar/avr-gcc@8/8.4.0_2/lib/avr-gcc/8/gcc/avr/8.4.0/../../../../../../avr/lib/avr5/crtatmega32u4.o
                0x0000000000000000                __vectors
                0x0000000000000000                __vector_default
 *(.vectors)
 *(.progmem.gcc*)
                0x00000000000000ac                . = ALIGN (0x2)
                0x00000000000000ac                __trampolines_start = .
 *(.trampolines)
 .trampolines   0x00000000000000ac        0x0 linker stubs
 *(.trampolines*)
                0x00000000000000ac                __trampolines_end = .
 *libprintf_flt.a:*(.progmem.data)
 *libc.a:*(.progmem.data)
 *(.progmem.*)
 .progmem.data.font
                0x00000000000000ac      0x540 .build/obj_crkbd_rev1_legacy_thefrey/./lib/glcdfont.o
                0x00000000000000ac                font
 .progmem.data.keymaps
                0x00000000000005ec      0x180 .build/obj_crkbd_rev1_legacy_thefrey/keyboards/crkbd/keymaps/thefrey/keymap.o
                0x00000000000005ec                keymaps
 .progmem.data.RGBLED_TWINKLE_INTERVALS
                0x000000000000076c        0x3 .build/obj_crkbd_rev1_legacy_thefrey/quantum/rgblight.o
                0x000000000000076c                RGBLED_TWINKLE_INTERVALS
 .progmem.data.RGBLED_RGBTEST_INTERVALS
                0x000000000000076f        0x2 .build/obj_crkbd_rev1_legacy_thefrey/quantum/rgblight.o
                0x000000000000076f                RGBLED_RGBTEST_INTERVALS
 .progmem.data.RGBLED_KNIGHT_INTERVALS
                0x0000000000000771        0x3 .build/obj_crkbd_rev1_legacy_thefrey/quantum/rgblight.o
                0x0000000000000771                RGBLED_KNIGHT_INTERVALS
 .progmem.data.RGBLED_SNAKE_INTERVALS
                0x0000000000000774        0x3 .build/obj_crkbd_rev1_legacy_thefrey/quantum/rgblight.o
                0x0000000000000774                RGBLED_SNAKE_INTERVALS
 .progmem.data.RGBLED_RAINBOW_SWIRL_INTERVALS
                0x0000000000000777        0x3 .build/obj_crkbd_rev1_legacy_thefrey/quantum/rgblight.o
                0x0000000000000777                RGBLED_RAINBOW_SWIRL_INTERVALS
 .progmem.data.RGBLED_RAINBOW_MOOD_INTERVALS
                0x000000000000077a        0x3 .build/obj_crkbd_rev1_legacy_thefrey/quantum/rgblight.o
                0x000000000000077a                RGBLED_RAINBOW_MOOD_INTERVALS
 .progmem.data.RGBLED_BREATHING_INTERVALS
                0x000000000000077d        0x4 .build/obj_crkbd_rev1_legacy_thefrey/quantum/rgblight.o
                0x000000000000077d                RGBLED_BREATHING_INTERVALS
 .progmem.data.rgblight_effect_breathe_table
                0x0000000000000781      0x100 .build/obj_crkbd_rev1_legacy_thefrey/quantum/rgblight.o
                0x0000000000000781                rgblight_effect_breathe_table
 .progmem.data.RGBLED_GRADIENT_RANGES
                0x0000000000000881        0x5 .build/obj_crkbd_rev1_legacy_thefrey/quantum/rgblight.o
                0x0000000000000881                RGBLED_GRADIENT_RANGES
 .progmem.data.CIE1931_CURVE
                0x0000000000000886      0x100 .build/obj_crkbd_rev1_legacy_thefrey/quantum/led_tables.o
                0x0000000000000886                CIE1931_CURVE
 .progmem.data._cmds.5260
                0x0000000000000986        0x7 .build/obj_crkbd_rev1_legacy_thefrey/ssd1306.a(ssd1306.o)
 .progmem.data._cmds.5181
                0x000000000000098d        0x7 .build/obj_crkbd_rev1_legacy_thefrey/ssd1306.a(ssd1306.o)
 .progmem.data._cmds.5199
                0x0000000000000994        0xf .build/obj_crkbd_rev1_legacy_thefrey/ssd1306.a(ssd1306.o)
 .progmem.data._cmds.5198
                0x00000000000009a3        0x3 .build/obj_crkbd_rev1_legacy_thefrey/ssd1306.a(ssd1306.o)
 .progmem.data._cmds.5197
                0x00000000000009a6        0x3 .build/obj_crkbd_rev1_legacy_thefrey/ssd1306.a(ssd1306.o)
 .progmem.data._cmds.5195
                0x00000000000009a9        0xd .build/obj_crkbd_rev1_legacy_thefrey/ssd1306.a(ssd1306.o)
 .progmem.data.ProductString
                0x00000000000009b6       0x4a .build/obj_crkbd_rev1_legacy_thefrey/usb_descriptor.o
                0x00000000000009b6                ProductString
 .progmem.data.ManufacturerString
                0x0000000000000a00       0x12 .build/obj_crkbd_rev1_legacy_thefrey/usb_descriptor.o
                0x0000000000000a00                ManufacturerString
 .progmem.data.LanguageString
                0x0000000000000a12        0x4 .build/obj_crkbd_rev1_legacy_thefrey/usb_descriptor.o
                0x0000000000000a12                LanguageString
 .progmem.data.ConfigurationDescriptor
                0x0000000000000a16       0x22 .build/obj_crkbd_rev1_legacy_thefrey/usb_descriptor.o
                0x0000000000000a16                ConfigurationDescriptor
 .progmem.data.DeviceDescriptor
                0x0000000000000a38       0x12 .build/obj_crkbd_rev1_legacy_thefrey/usb_descriptor.o
                0x0000000000000a38                DeviceDescriptor
 .progmem.data.KeyboardReport
                0x0000000000000a4a       0x40 .build/obj_crkbd_rev1_legacy_thefrey/usb_descriptor.o
                0x0000000000000a4a                KeyboardReport
                0x0000000000000a8a                . = ALIGN (0x2)
 *(.lowtext)
 *(.lowtext*)
                0x0000000000000a8a                __ctors_start = .
 *(.ctors)
                0x0000000000000a8a                __ctors_end = .
                0x0000000000000a8a                __dtors_start = .
 *(.dtors)
                0x0000000000000a8a                __dtors_end = .
 SORT_BY_NAME(*)(.ctors)
 SORT_BY_NAME(*)(.dtors)
 *(.init0)
 .init0         0x0000000000000a8a        0x0 /usr/local/Cellar/avr-gcc@8/8.4.0_2/lib/avr-gcc/8/gcc/avr/8.4.0/../../../../../../avr/lib/avr5/crtatmega32u4.o
                0x0000000000000a8a                __init
 *(.init0)
 *(.init1)
 *(.init1)
 *(.init2)
 .init2         0x0000000000000a8a        0xc /usr/local/Cellar/avr-gcc@8/8.4.0_2/lib/avr-gcc/8/gcc/avr/8.4.0/../../../../../../avr/lib/avr5/crtatmega32u4.o
 *(.init2)
 *(.init3)
 .init3         0x0000000000000a96       0x54 .build/obj_crkbd_rev1_legacy_thefrey/common/avr/bootloader.o
                0x0000000000000a96                bootloader_jump_after_watchdog_reset
 *(.init3)
 *(.init4)
 .init4         0x0000000000000aea       0x16 /usr/local/Cellar/avr-gcc@8/8.4.0_2/lib/avr-gcc/8/gcc/avr/8.4.0/avr5/libgcc.a(_copy_data.o)
                0x0000000000000aea                __do_copy_data
 .init4         0x0000000000000b00       0x10 /usr/local/Cellar/avr-gcc@8/8.4.0_2/lib/avr-gcc/8/gcc/avr/8.4.0/avr5/libgcc.a(_clear_bss.o)
                0x0000000000000b00                __do_clear_bss
 *(.init4)
 *(.init5)
 *(.init5)
 *(.init6)
 *(.init6)
 *(.init7)
 *(.init7)
 *(.init8)
 *(.init8)
 *(.init9)
 .init9         0x0000000000000b10        0x8 /usr/local/Cellar/avr-gcc@8/8.4.0_2/lib/avr-gcc/8/gcc/avr/8.4.0/../../../../../../avr/lib/avr5/crtatmega32u4.o
 *(.init9)
 *(.text)
 .text          0x0000000000000b18        0x4 /usr/local/Cellar/avr-gcc@8/8.4.0_2/lib/avr-gcc/8/gcc/avr/8.4.0/../../../../../../avr/lib/avr5/crtatmega32u4.o
                0x0000000000000b18                __vector_42
                0x0000000000000b18                __vector_22
                0x0000000000000b18                __vector_28
                0x0000000000000b18                __vector_1
                0x0000000000000b18                __vector_32
                0x0000000000000b18                __vector_34
                0x0000000000000b18                __vector_24
                0x0000000000000b18                __bad_interrupt
                0x0000000000000b18                __vector_6
                0x0000000000000b18                __vector_31
                0x0000000000000b18                __vector_35
                0x0000000000000b18                __vector_39
                0x0000000000000b18                __vector_23
                0x0000000000000b18                __vector_30
                0x0000000000000b18                __vector_25
                0x0000000000000b18                __vector_13
                0x0000000000000b18                __vector_17
                0x0000000000000b18                __vector_19
                0x0000000000000b18                __vector_7
                0x0000000000000b18                __vector_41
                0x0000000000000b18                __vector_27
                0x0000000000000b18                __vector_5
                0x0000000000000b18                __vector_33
                0x0000000000000b18                __vector_37
                0x0000000000000b18                __vector_4
                0x0000000000000b18                __vector_9
                0x0000000000000b18                __vector_2
                0x0000000000000b18                __vector_15
                0x0000000000000b18                __vector_29
                0x0000000000000b18                __vector_40
                0x0000000000000b18                __vector_8
                0x0000000000000b18                __vector_26
                0x0000000000000b18                __vector_14
                0x0000000000000b18                __vector_16
                0x0000000000000b18                __vector_18
                0x0000000000000b18                __vector_20
                0x0000000000000b18                __vector_38
                0x0000000000000b1c                . = ALIGN (0x2)
 *(.text.*)
 .text.unselect_rows
                0x0000000000000b1c       0x42 .build/obj_crkbd_rev1_legacy_thefrey/matrix.o
 .text.matrix_scan_kb
                0x0000000000000b5e        0x4 .build/obj_crkbd_rev1_legacy_thefrey/matrix.o
                0x0000000000000b5e                matrix_scan_kb
 .text.tx_rx_leds_init
                0x0000000000000b62        0xa .build/obj_crkbd_rev1_legacy_thefrey/matrix.o
                0x0000000000000b62                tx_rx_leds_init
 .text.tx_led_on
                0x0000000000000b6c        0x4 .build/obj_crkbd_rev1_legacy_thefrey/matrix.o
                0x0000000000000b6c                tx_led_on
 .text.tx_led_off
                0x0000000000000b70        0x4 .build/obj_crkbd_rev1_legacy_thefrey/matrix.o
                0x0000000000000b70                tx_led_off
 .text.rx_led_on
                0x0000000000000b74        0x4 .build/obj_crkbd_rev1_legacy_thefrey/matrix.o
                0x0000000000000b74                rx_led_on
 .text.rx_led_off
                0x0000000000000b78        0x4 .build/obj_crkbd_rev1_legacy_thefrey/matrix.o
                0x0000000000000b78                rx_led_off
 .text.matrix_init
                0x0000000000000b7c       0x62 .build/obj_crkbd_rev1_legacy_thefrey/matrix.o
                0x0000000000000b7c                matrix_init
 .text._matrix_scan
                0x0000000000000bde      0x134 .build/obj_crkbd_rev1_legacy_thefrey/matrix.o
                0x0000000000000bde                _matrix_scan
 .text.serial_transaction
                0x0000000000000d12       0x5e .build/obj_crkbd_rev1_legacy_thefrey/matrix.o
                0x0000000000000d12                serial_transaction
 .text.matrix_slave_scan
                0x0000000000000d70       0x44 .build/obj_crkbd_rev1_legacy_thefrey/matrix.o
                0x0000000000000d70                matrix_slave_scan
 .text.matrix_scan
                0x0000000000000db4       0xe8 .build/obj_crkbd_rev1_legacy_thefrey/matrix.o
                0x0000000000000db4                matrix_scan
 .text.matrix_get_row
                0x0000000000000e9c        0xc .build/obj_crkbd_rev1_legacy_thefrey/matrix.o
                0x0000000000000e9c                matrix_get_row
 .text.matrix_print
                0x0000000000000ea8        0x2 .build/obj_crkbd_rev1_legacy_thefrey/matrix.o
                0x0000000000000ea8                matrix_print
 .text.has_usb  0x0000000000000eaa       0x38 .build/obj_crkbd_rev1_legacy_thefrey/split_util.o
                0x0000000000000eaa                has_usb
 .text.is_keyboard_left
                0x0000000000000ee2        0x4 .build/obj_crkbd_rev1_legacy_thefrey/split_util.o
                0x0000000000000ee2                is_keyboard_left
 .text.split_keyboard_setup
                0x0000000000000ee6       0x1e .build/obj_crkbd_rev1_legacy_thefrey/split_util.o
                0x0000000000000ee6                split_keyboard_setup
 .text.serial_master_init
                0x0000000000000f04        0xc .build/obj_crkbd_rev1_legacy_thefrey/split_scomm.o
                0x0000000000000f04                serial_master_init
 .text.serial_slave_init
                0x0000000000000f10        0xc .build/obj_crkbd_rev1_legacy_thefrey/split_scomm.o
                0x0000000000000f10                serial_slave_init
 .text.serial_update_buffers
                0x0000000000000f1c       0x7a .build/obj_crkbd_rev1_legacy_thefrey/split_scomm.o
                0x0000000000000f1c                serial_update_buffers
 .text.read_layer_state
                0x0000000000000f96       0x98 .build/obj_crkbd_rev1_legacy_thefrey/./lib/layer_state_reader.o
                0x0000000000000f96                read_layer_state
 .text.read_logo
                0x000000000000102e        0x6 .build/obj_crkbd_rev1_legacy_thefrey/./lib/logo_reader.o
                0x000000000000102e                read_logo
 .text.set_keylog
                0x0000000000001034       0x94 .build/obj_crkbd_rev1_legacy_thefrey/./lib/keylogger.o
                0x0000000000001034                set_keylog
 .text.read_keylog
                0x00000000000010c8        0x6 .build/obj_crkbd_rev1_legacy_thefrey/./lib/keylogger.o
                0x00000000000010c8                read_keylog
 .text.read_keylogs
                0x00000000000010ce        0x6 .build/obj_crkbd_rev1_legacy_thefrey/./lib/keylogger.o
                0x00000000000010ce                read_keylogs
 .text.matrix_init_kb
                0x00000000000010d4        0x4 .build/obj_crkbd_rev1_legacy_thefrey/keyboards/crkbd/rev1/rev1.o
                0x00000000000010d4                matrix_init_kb
 .text.process_record_kb
                0x00000000000010d8       0x2c .build/obj_crkbd_rev1_legacy_thefrey/keyboards/crkbd/rev1/rev1.o
                0x00000000000010d8                process_record_kb
 .text.update_tri_layer_RGB
                0x0000000000001104       0x2e .build/obj_crkbd_rev1_legacy_thefrey/keyboards/crkbd/keymaps/thefrey/keymap.o
                0x0000000000001104                update_tri_layer_RGB
 .text.matrix_init_user
                0x0000000000001132       0x1c .build/obj_crkbd_rev1_legacy_thefrey/keyboards/crkbd/keymaps/thefrey/keymap.o
                0x0000000000001132                matrix_init_user
 .text.matrix_scan_user
                0x000000000000114e        0x4 .build/obj_crkbd_rev1_legacy_thefrey/keyboards/crkbd/keymaps/thefrey/keymap.o
                0x000000000000114e                matrix_scan_user
 .text.matrix_render_user
                0x0000000000001152       0x46 .build/obj_crkbd_rev1_legacy_thefrey/keyboards/crkbd/keymaps/thefrey/keymap.o
                0x0000000000001152                matrix_render_user
 .text.matrix_update
                0x0000000000001198       0x38 .build/obj_crkbd_rev1_legacy_thefrey/keyboards/crkbd/keymaps/thefrey/keymap.o
                0x0000000000001198                matrix_update
 .text.iota_gfx_task_user
                0x00000000000011d0       0x48 .build/obj_crkbd_rev1_legacy_thefrey/keyboards/crkbd/keymaps/thefrey/keymap.o
                0x00000000000011d0                iota_gfx_task_user
 .text.process_record_user
                0x0000000000001218       0xe6 .build/obj_crkbd_rev1_legacy_thefrey/keyboards/crkbd/keymaps/thefrey/keymap.o
                0x0000000000001218                process_record_user
 .text.process_action_kb
                0x00000000000012fe        0x4 .build/obj_crkbd_rev1_legacy_thefrey/quantum/quantum.o
                0x00000000000012fe                process_action_kb
 .text.post_process_record_user
                0x0000000000001302        0x2 .build/obj_crkbd_rev1_legacy_thefrey/quantum/quantum.o
                0x0000000000001302                post_process_record_user
 .text.post_process_record_kb
                0x0000000000001304        0x4 .build/obj_crkbd_rev1_legacy_thefrey/quantum/quantum.o
                0x0000000000001304                post_process_record_kb
 .text.get_event_keycode
                0x0000000000001308       0x66 .build/obj_crkbd_rev1_legacy_thefrey/quantum/quantum.o
                0x0000000000001308                get_event_keycode
 .text.get_record_keycode
                0x000000000000136e       0x12 .build/obj_crkbd_rev1_legacy_thefrey/quantum/quantum.o
                0x000000000000136e                get_record_keycode
 .text.post_process_record_quantum
                0x0000000000001380       0x16 .build/obj_crkbd_rev1_legacy_thefrey/quantum/quantum.o
                0x0000000000001380                post_process_record_quantum
 .text.set_single_persistent_default_layer
                0x0000000000001396       0x26 .build/obj_crkbd_rev1_legacy_thefrey/quantum/quantum.o
                0x0000000000001396                set_single_persistent_default_layer
 .text.matrix_init_quantum
                0x00000000000013bc       0x10 .build/obj_crkbd_rev1_legacy_thefrey/quantum/quantum.o
                0x00000000000013bc                matrix_init_quantum
 .text.matrix_scan_quantum
                0x00000000000013cc        0x4 .build/obj_crkbd_rev1_legacy_thefrey/quantum/quantum.o
                0x00000000000013cc                matrix_scan_quantum
 .text.shutdown_user
                0x00000000000013d0        0x2 .build/obj_crkbd_rev1_legacy_thefrey/quantum/quantum.o
                0x00000000000013d0                shutdown_user
 .text.reset_keyboard
                0x00000000000013d2       0x1e .build/obj_crkbd_rev1_legacy_thefrey/quantum/quantum.o
                0x00000000000013d2                reset_keyboard
 .text.process_record_quantum
                0x00000000000013f0       0x84 .build/obj_crkbd_rev1_legacy_thefrey/quantum/quantum.o
                0x00000000000013f0                process_record_quantum
 .text.led_set_user
                0x0000000000001474        0x2 .build/obj_crkbd_rev1_legacy_thefrey/quantum/led.o
                0x0000000000001474                led_set_user
 .text.led_set_kb
                0x0000000000001476        0x4 .build/obj_crkbd_rev1_legacy_thefrey/quantum/led.o
                0x0000000000001476                led_set_kb
 .text.led_update_user
                0x000000000000147a        0x4 .build/obj_crkbd_rev1_legacy_thefrey/quantum/led.o
                0x000000000000147a                led_update_user
 .text.led_update_kb
                0x000000000000147e        0x4 .build/obj_crkbd_rev1_legacy_thefrey/quantum/led.o
                0x000000000000147e                led_update_kb
 .text.led_set  0x0000000000001482       0x10 .build/obj_crkbd_rev1_legacy_thefrey/quantum/led.o
                0x0000000000001482                led_set
 .text.keymap_key_to_keycode
                0x0000000000001492       0x28 .build/obj_crkbd_rev1_legacy_thefrey/quantum/keymap_common.o
                0x0000000000001492                keymap_key_to_keycode
 .text.action_for_key
                0x00000000000014ba      0x1a6 .build/obj_crkbd_rev1_legacy_thefrey/quantum/keymap_common.o
                0x00000000000014ba                action_for_key
 .text.keycode_config
                0x0000000000001660      0x12e .build/obj_crkbd_rev1_legacy_thefrey/quantum/keycode_config.o
                0x0000000000001660                keycode_config
 .text.mod_config
                0x000000000000178e       0x86 .build/obj_crkbd_rev1_legacy_thefrey/quantum/keycode_config.o
                0x000000000000178e                mod_config
 .text.hsv_to_rgb_impl
                0x0000000000001814      0x12a .build/obj_crkbd_rev1_legacy_thefrey/quantum/color.o
                0x0000000000001814                hsv_to_rgb_impl
 .text.hsv_to_rgb
                0x000000000000193e        0x6 .build/obj_crkbd_rev1_legacy_thefrey/quantum/color.o
                0x000000000000193e                hsv_to_rgb
 .text.rgblight_effect_dummy
                0x0000000000001944        0x2 .build/obj_crkbd_rev1_legacy_thefrey/quantum/rgblight.o
 .text.rgblight_hsv_to_rgb
                0x0000000000001946        0x4 .build/obj_crkbd_rev1_legacy_thefrey/quantum/rgblight.o
                0x0000000000001946                rgblight_hsv_to_rgb
 .text.sethsv_raw
                0x000000000000194a       0x1c .build/obj_crkbd_rev1_legacy_thefrey/quantum/rgblight.o
                0x000000000000194a                sethsv_raw
 .text.sethsv   0x0000000000001966        0xa .build/obj_crkbd_rev1_legacy_thefrey/quantum/rgblight.o
                0x0000000000001966                sethsv
 .text.rgblight_check_config
                0x0000000000001970       0x2c .build/obj_crkbd_rev1_legacy_thefrey/quantum/rgblight.o
                0x0000000000001970                rgblight_check_config
 .text.eeconfig_read_rgblight
                0x000000000000199c        0x8 .build/obj_crkbd_rev1_legacy_thefrey/quantum/rgblight.o
                0x000000000000199c                eeconfig_read_rgblight
 .text.eeconfig_update_rgblight
                0x00000000000019a4       0x24 .build/obj_crkbd_rev1_legacy_thefrey/quantum/rgblight.o
                0x00000000000019a4                eeconfig_update_rgblight
 .text.eeconfig_update_rgblight_default
                0x00000000000019c8       0x30 .build/obj_crkbd_rev1_legacy_thefrey/quantum/rgblight.o
                0x00000000000019c8                eeconfig_update_rgblight_default
 .text.rgblight_get_mode
                0x00000000000019f8       0x10 .build/obj_crkbd_rev1_legacy_thefrey/quantum/rgblight.o
                0x00000000000019f8                rgblight_get_mode
 .text.rgblight_increase_speed_helper
                0x0000000000001a08       0x28 .build/obj_crkbd_rev1_legacy_thefrey/quantum/rgblight.o
                0x0000000000001a08                rgblight_increase_speed_helper
 .text.rgblight_increase_speed
                0x0000000000001a30        0x6 .build/obj_crkbd_rev1_legacy_thefrey/quantum/rgblight.o
                0x0000000000001a30                rgblight_increase_speed
 .text.rgblight_decrease_speed_helper
                0x0000000000001a36       0x28 .build/obj_crkbd_rev1_legacy_thefrey/quantum/rgblight.o
                0x0000000000001a36                rgblight_decrease_speed_helper
 .text.rgblight_decrease_speed
                0x0000000000001a5e        0x6 .build/obj_crkbd_rev1_legacy_thefrey/quantum/rgblight.o
                0x0000000000001a5e                rgblight_decrease_speed
 .text.rgblight_call_driver
                0x0000000000001a64        0x6 .build/obj_crkbd_rev1_legacy_thefrey/quantum/rgblight.o
                0x0000000000001a64                rgblight_call_driver
 .text.rgblight_set
                0x0000000000001a6a       0x44 .build/obj_crkbd_rev1_legacy_thefrey/quantum/rgblight.o
                0x0000000000001a6a                rgblight_set
 .text.rgblight_setrgb
                0x0000000000001aae       0x32 .build/obj_crkbd_rev1_legacy_thefrey/quantum/rgblight.o
                0x0000000000001aae                rgblight_setrgb
 .text.rgblight_sethsv_noeeprom_old
                0x0000000000001ae0       0x34 .build/obj_crkbd_rev1_legacy_thefrey/quantum/rgblight.o
                0x0000000000001ae0                rgblight_sethsv_noeeprom_old
 .text.rgblight_effect_breathing
                0x0000000000001b14       0x28 .build/obj_crkbd_rev1_legacy_thefrey/quantum/rgblight.o
                0x0000000000001b14                rgblight_effect_breathing
 .text.rgblight_effect_rainbow_mood
                0x0000000000001b3c       0x20 .build/obj_crkbd_rev1_legacy_thefrey/quantum/rgblight.o
                0x0000000000001b3c                rgblight_effect_rainbow_mood
 .text.rgblight_effect_rgbtest
                0x0000000000001b5c       0x7e .build/obj_crkbd_rev1_legacy_thefrey/quantum/rgblight.o
                0x0000000000001b5c                rgblight_effect_rgbtest
 .text.rgblight_sethsv_eeprom_helper
                0x0000000000001bda      0x146 .build/obj_crkbd_rev1_legacy_thefrey/quantum/rgblight.o
                0x0000000000001bda                rgblight_sethsv_eeprom_helper
 .text.rgblight_increase_hue_helper
                0x0000000000001d20       0x14 .build/obj_crkbd_rev1_legacy_thefrey/quantum/rgblight.o
                0x0000000000001d20                rgblight_increase_hue_helper
 .text.rgblight_increase_hue
                0x0000000000001d34        0x6 .build/obj_crkbd_rev1_legacy_thefrey/quantum/rgblight.o
                0x0000000000001d34                rgblight_increase_hue
 .text.rgblight_decrease_hue_helper
                0x0000000000001d3a       0x14 .build/obj_crkbd_rev1_legacy_thefrey/quantum/rgblight.o
                0x0000000000001d3a                rgblight_decrease_hue_helper
 .text.rgblight_decrease_hue
                0x0000000000001d4e        0x6 .build/obj_crkbd_rev1_legacy_thefrey/quantum/rgblight.o
                0x0000000000001d4e                rgblight_decrease_hue
 .text.rgblight_increase_sat_helper
                0x0000000000001d54       0x18 .build/obj_crkbd_rev1_legacy_thefrey/quantum/rgblight.o
                0x0000000000001d54                rgblight_increase_sat_helper
 .text.rgblight_increase_sat
                0x0000000000001d6c        0x6 .build/obj_crkbd_rev1_legacy_thefrey/quantum/rgblight.o
                0x0000000000001d6c                rgblight_increase_sat
 .text.rgblight_decrease_sat_helper
                0x0000000000001d72       0x18 .build/obj_crkbd_rev1_legacy_thefrey/quantum/rgblight.o
                0x0000000000001d72                rgblight_decrease_sat_helper
 .text.rgblight_decrease_sat
                0x0000000000001d8a        0x6 .build/obj_crkbd_rev1_legacy_thefrey/quantum/rgblight.o
                0x0000000000001d8a                rgblight_decrease_sat
 .text.rgblight_increase_val_helper
                0x0000000000001d90       0x18 .build/obj_crkbd_rev1_legacy_thefrey/quantum/rgblight.o
                0x0000000000001d90                rgblight_increase_val_helper
 .text.rgblight_increase_val
                0x0000000000001da8        0x6 .build/obj_crkbd_rev1_legacy_thefrey/quantum/rgblight.o
                0x0000000000001da8                rgblight_increase_val
 .text.rgblight_decrease_val_helper
                0x0000000000001dae       0x18 .build/obj_crkbd_rev1_legacy_thefrey/quantum/rgblight.o
                0x0000000000001dae                rgblight_decrease_val_helper
 .text.rgblight_decrease_val
                0x0000000000001dc6        0x6 .build/obj_crkbd_rev1_legacy_thefrey/quantum/rgblight.o
                0x0000000000001dc6                rgblight_decrease_val
 .text.rgblight_sethsv_noeeprom
                0x0000000000001dcc        0x6 .build/obj_crkbd_rev1_legacy_thefrey/quantum/rgblight.o
                0x0000000000001dcc                rgblight_sethsv_noeeprom
 .text.rgblight_effect_rainbow_swirl
                0x0000000000001dd2       0x7a .build/obj_crkbd_rev1_legacy_thefrey/quantum/rgblight.o
                0x0000000000001dd2                rgblight_effect_rainbow_swirl
 .text.rgblight_effect_snake
                0x0000000000001e4c      0x136 .build/obj_crkbd_rev1_legacy_thefrey/quantum/rgblight.o
                0x0000000000001e4c                rgblight_effect_snake
 .text.rgblight_effect_knight
                0x0000000000001f82      0x10e .build/obj_crkbd_rev1_legacy_thefrey/quantum/rgblight.o
                0x0000000000001f82                rgblight_effect_knight
 .text.rgblight_effect_christmas
                0x0000000000002090      0x120 .build/obj_crkbd_rev1_legacy_thefrey/quantum/rgblight.o
                0x0000000000002090                rgblight_effect_christmas
 .text.rgblight_effect_alternating
                0x00000000000021b0       0x7a .build/obj_crkbd_rev1_legacy_thefrey/quantum/rgblight.o
                0x00000000000021b0                rgblight_effect_alternating
 .text.rgblight_effect_twinkle
                0x000000000000222a      0x17a .build/obj_crkbd_rev1_legacy_thefrey/quantum/rgblight.o
                0x000000000000222a                rgblight_effect_twinkle
 .text.rgblight_timer_init
                0x00000000000023a4        0xe .build/obj_crkbd_rev1_legacy_thefrey/quantum/rgblight.o
                0x00000000000023a4                rgblight_timer_init
 .text.rgblight_disable
                0x00000000000023b2       0x3a .build/obj_crkbd_rev1_legacy_thefrey/quantum/rgblight.o
                0x00000000000023b2                rgblight_disable
 .text.rgblight_timer_enable
                0x00000000000023ec       0x36 .build/obj_crkbd_rev1_legacy_thefrey/quantum/rgblight.o
                0x00000000000023ec                rgblight_timer_enable
 .text.rgblight_mode_eeprom_helper
                0x0000000000002422       0x7e .build/obj_crkbd_rev1_legacy_thefrey/quantum/rgblight.o
                0x0000000000002422                rgblight_mode_eeprom_helper
 .text.rgblight_step_helper
                0x00000000000024a0       0x16 .build/obj_crkbd_rev1_legacy_thefrey/quantum/rgblight.o
                0x00000000000024a0                rgblight_step_helper
 .text.rgblight_step
                0x00000000000024b6        0x6 .build/obj_crkbd_rev1_legacy_thefrey/quantum/rgblight.o
                0x00000000000024b6                rgblight_step
 .text.rgblight_step_reverse_helper
                0x00000000000024bc       0x14 .build/obj_crkbd_rev1_legacy_thefrey/quantum/rgblight.o
                0x00000000000024bc                rgblight_step_reverse_helper
 .text.rgblight_step_reverse
                0x00000000000024d0        0x6 .build/obj_crkbd_rev1_legacy_thefrey/quantum/rgblight.o
                0x00000000000024d0                rgblight_step_reverse
 .text.rgblight_mode
                0x00000000000024d6        0x6 .build/obj_crkbd_rev1_legacy_thefrey/quantum/rgblight.o
                0x00000000000024d6                rgblight_mode
 .text.rgblight_enable
                0x00000000000024dc       0x10 .build/obj_crkbd_rev1_legacy_thefrey/quantum/rgblight.o
                0x00000000000024dc                rgblight_enable
 .text.rgblight_toggle
                0x00000000000024ec        0xe .build/obj_crkbd_rev1_legacy_thefrey/quantum/rgblight.o
                0x00000000000024ec                rgblight_toggle
 .text.rgblight_mode_noeeprom
                0x00000000000024fa        0x6 .build/obj_crkbd_rev1_legacy_thefrey/quantum/rgblight.o
                0x00000000000024fa                rgblight_mode_noeeprom
 .text.rgblight_init
                0x0000000000002500       0x70 .build/obj_crkbd_rev1_legacy_thefrey/quantum/rgblight.o
                0x0000000000002500                rgblight_init
 .text.rgblight_task
                0x0000000000002570      0x1a8 .build/obj_crkbd_rev1_legacy_thefrey/quantum/rgblight.o
                0x0000000000002570                rgblight_task
 .text.handleKeycodeRGB
                0x0000000000002718        0xa .build/obj_crkbd_rev1_legacy_thefrey/quantum/process_keycode/process_rgb.o
 .text.handleKeycodeRGBMode
                0x0000000000002722       0x2a .build/obj_crkbd_rev1_legacy_thefrey/quantum/process_keycode/process_rgb.o
 .text.process_rgb
                0x000000000000274c       0xe0 .build/obj_crkbd_rev1_legacy_thefrey/quantum/process_keycode/process_rgb.o
                0x000000000000274c                process_rgb
 .text.ws2812_setleds
                0x000000000000282c       0x58 .build/obj_crkbd_rev1_legacy_thefrey/ws2812.o
                0x000000000000282c                ws2812_setleds
 .text.perform_space_cadet
                0x0000000000002884      0x116 .build/obj_crkbd_rev1_legacy_thefrey/quantum/process_keycode/process_space_cadet.o
                0x0000000000002884                perform_space_cadet
 .text.process_space_cadet
                0x000000000000299a       0xa4 .build/obj_crkbd_rev1_legacy_thefrey/quantum/process_keycode/process_space_cadet.o
                0x000000000000299a                process_space_cadet
 .text.process_magic
                0x0000000000002a3e      0x246 .build/obj_crkbd_rev1_legacy_thefrey/quantum/process_keycode/process_magic.o
                0x0000000000002a3e                process_magic
 .text.process_grave_esc
                0x0000000000002c84       0x54 .build/obj_crkbd_rev1_legacy_thefrey/quantum/process_keycode/process_grave_esc.o
                0x0000000000002c84                process_grave_esc
 .text._send_cmd1
                0x0000000000002cd8       0x32 .build/obj_crkbd_rev1_legacy_thefrey/ssd1306.a(ssd1306.o)
 .text._send_cmds
                0x0000000000002d0a       0x28 .build/obj_crkbd_rev1_legacy_thefrey/ssd1306.a(ssd1306.o)
 .text.iota_gfx_off
                0x0000000000002d32        0x6 .build/obj_crkbd_rev1_legacy_thefrey/ssd1306.a(ssd1306.o)
                0x0000000000002d32                iota_gfx_off
 .text.iota_gfx_on
                0x0000000000002d38        0x6 .build/obj_crkbd_rev1_legacy_thefrey/ssd1306.a(ssd1306.o)
                0x0000000000002d38                iota_gfx_on
 .text.matrix_write_char_inner
                0x0000000000002d3e       0x68 .build/obj_crkbd_rev1_legacy_thefrey/ssd1306.a(ssd1306.o)
                0x0000000000002d3e                matrix_write_char_inner
 .text.matrix_write_char
                0x0000000000002da6       0x4e .build/obj_crkbd_rev1_legacy_thefrey/ssd1306.a(ssd1306.o)
                0x0000000000002da6                matrix_write_char
 .text.matrix_write
                0x0000000000002df4       0x24 .build/obj_crkbd_rev1_legacy_thefrey/ssd1306.a(ssd1306.o)
                0x0000000000002df4                matrix_write
 .text.matrix_write_ln
                0x0000000000002e18       0x18 .build/obj_crkbd_rev1_legacy_thefrey/ssd1306.a(ssd1306.o)
                0x0000000000002e18                matrix_write_ln
 .text.matrix_clear
                0x0000000000002e30       0x2a .build/obj_crkbd_rev1_legacy_thefrey/ssd1306.a(ssd1306.o)
                0x0000000000002e30                matrix_clear
 .text.matrix_render
                0x0000000000002e5a       0xbe .build/obj_crkbd_rev1_legacy_thefrey/ssd1306.a(ssd1306.o)
                0x0000000000002e5a                matrix_render
 .text.iota_gfx_flush
                0x0000000000002f18        0x8 .build/obj_crkbd_rev1_legacy_thefrey/ssd1306.a(ssd1306.o)
                0x0000000000002f18                iota_gfx_flush
 .text.iota_gfx_init
                0x0000000000002f20       0x9a .build/obj_crkbd_rev1_legacy_thefrey/ssd1306.a(ssd1306.o)
                0x0000000000002f20                iota_gfx_init
 .text.iota_gfx_task
                0x0000000000002fba       0x34 .build/obj_crkbd_rev1_legacy_thefrey/ssd1306.a(ssd1306.o)
                0x0000000000002fba                iota_gfx_task
 .text.process_record_gfx
                0x0000000000002fee        0x8 .build/obj_crkbd_rev1_legacy_thefrey/ssd1306.a(ssd1306.o)
                0x0000000000002fee                process_record_gfx
 .text.i2c_delay
                0x0000000000002ff6       0x12 .build/obj_crkbd_rev1_legacy_thefrey/i2c.a(i2c.o)
 .text.i2c_master_init
                0x0000000000003008        0xc .build/obj_crkbd_rev1_legacy_thefrey/i2c.a(i2c.o)
                0x0000000000003008                i2c_master_init
 .text.i2c_master_start
                0x0000000000003014       0x4e .build/obj_crkbd_rev1_legacy_thefrey/i2c.a(i2c.o)
                0x0000000000003014                i2c_master_start
 .text.i2c_master_stop
                0x0000000000003062       0x18 .build/obj_crkbd_rev1_legacy_thefrey/i2c.a(i2c.o)
                0x0000000000003062                i2c_master_stop
 .text.i2c_master_write
                0x000000000000307a       0x1e .build/obj_crkbd_rev1_legacy_thefrey/i2c.a(i2c.o)
                0x000000000000307a                i2c_master_write
 .text.__vector_36
                0x0000000000003098       0xbe .build/obj_crkbd_rev1_legacy_thefrey/i2c.a(i2c.o)
                0x0000000000003098                __vector_36
 .text.sync_recv
                0x0000000000003156       0x10 .build/obj_crkbd_rev1_legacy_thefrey/serial.a(serial.o)
 .text.sync_send
                0x0000000000003166        0xc .build/obj_crkbd_rev1_legacy_thefrey/serial.a(serial.o)
 .text.serial_read_chunk
                0x0000000000003172       0x5a .build/obj_crkbd_rev1_legacy_thefrey/serial.a(serial.o)
 .text.serial_recive_packet
                0x00000000000031cc       0x50 .build/obj_crkbd_rev1_legacy_thefrey/serial.a(serial.o)
 .text.soft_serial_initiator_init
                0x000000000000321c       0x12 .build/obj_crkbd_rev1_legacy_thefrey/serial.a(serial.o)
                0x000000000000321c                soft_serial_initiator_init
 .text.soft_serial_target_init
                0x000000000000322e       0x1e .build/obj_crkbd_rev1_legacy_thefrey/serial.a(serial.o)
                0x000000000000322e                soft_serial_target_init
 .text.serial_write_chunk
                0x000000000000324c       0x42 .build/obj_crkbd_rev1_legacy_thefrey/serial.a(serial.o)
                0x000000000000324c                serial_write_chunk
 .text.serial_send_packet
                0x000000000000328e       0x34 .build/obj_crkbd_rev1_legacy_thefrey/serial.a(serial.o)
 .text.__vector_3
                0x00000000000032c2      0x11e .build/obj_crkbd_rev1_legacy_thefrey/serial.a(serial.o)
                0x00000000000032c2                __vector_3
 .text.soft_serial_transaction
                0x00000000000033e0       0xfc .build/obj_crkbd_rev1_legacy_thefrey/serial.a(serial.o)
                0x00000000000033e0                soft_serial_transaction
 .text.host_set_driver
                0x00000000000034dc        0xa .build/obj_crkbd_rev1_legacy_thefrey/common/host.o
                0x00000000000034dc                host_set_driver
 .text.host_keyboard_leds
                0x00000000000034e6       0x18 .build/obj_crkbd_rev1_legacy_thefrey/common/host.o
                0x00000000000034e6                host_keyboard_leds
 .text.host_keyboard_send
                0x00000000000034fe       0x16 .build/obj_crkbd_rev1_legacy_thefrey/common/host.o
                0x00000000000034fe                host_keyboard_send
 .text.host_system_send
                0x0000000000003514       0x2c .build/obj_crkbd_rev1_legacy_thefrey/common/host.o
                0x0000000000003514                host_system_send
 .text.host_consumer_send
                0x0000000000003540       0x2c .build/obj_crkbd_rev1_legacy_thefrey/common/host.o
                0x0000000000003540                host_consumer_send
 .text.disable_jtag
                0x000000000000356c        0xe .build/obj_crkbd_rev1_legacy_thefrey/common/keyboard.o
                0x000000000000356c                disable_jtag
 .text.keyboard_pre_init_user
                0x000000000000357a        0x2 .build/obj_crkbd_rev1_legacy_thefrey/common/keyboard.o
                0x000000000000357a                keyboard_pre_init_user
 .text.matrix_setup
                0x000000000000357c        0x2 .build/obj_crkbd_rev1_legacy_thefrey/common/keyboard.o
                0x000000000000357c                matrix_setup
 .text.keyboard_pre_init_kb
                0x000000000000357e        0x4 .build/obj_crkbd_rev1_legacy_thefrey/common/keyboard.o
                0x000000000000357e                keyboard_pre_init_kb
 .text.keyboard_post_init_user
                0x0000000000003582        0x2 .build/obj_crkbd_rev1_legacy_thefrey/common/keyboard.o
                0x0000000000003582                keyboard_post_init_user
 .text.keyboard_post_init_kb
                0x0000000000003584        0x4 .build/obj_crkbd_rev1_legacy_thefrey/common/keyboard.o
                0x0000000000003584                keyboard_post_init_kb
 .text.keyboard_setup
                0x0000000000003588        0xc .build/obj_crkbd_rev1_legacy_thefrey/common/keyboard.o
                0x0000000000003588                keyboard_setup
 .text.is_keyboard_master
                0x0000000000003594        0x4 .build/obj_crkbd_rev1_legacy_thefrey/common/keyboard.o
                0x0000000000003594                is_keyboard_master
 .text.should_process_keypress
                0x0000000000003598        0x4 .build/obj_crkbd_rev1_legacy_thefrey/common/keyboard.o
                0x0000000000003598                should_process_keypress
 .text.housekeeping_task_kb
                0x000000000000359c        0x2 .build/obj_crkbd_rev1_legacy_thefrey/common/keyboard.o
                0x000000000000359c                housekeeping_task_kb
 .text.housekeeping_task_user
                0x000000000000359e        0x2 .build/obj_crkbd_rev1_legacy_thefrey/common/keyboard.o
                0x000000000000359e                housekeeping_task_user
 .text.keyboard_init
                0x00000000000035a0       0x14 .build/obj_crkbd_rev1_legacy_thefrey/common/keyboard.o
                0x00000000000035a0                keyboard_init
 .text.keyboard_task
                0x00000000000035b4      0x136 .build/obj_crkbd_rev1_legacy_thefrey/common/keyboard.o
                0x00000000000035b4                keyboard_task
 .text.action_exec
                0x00000000000036ea       0x54 .build/obj_crkbd_rev1_legacy_thefrey/common/action.o
                0x00000000000036ea                action_exec
 .text.process_record_tap_hint
                0x000000000000373e        0xa .build/obj_crkbd_rev1_legacy_thefrey/common/action.o
                0x000000000000373e                process_record_tap_hint
 .text.register_code
                0x0000000000003748       0x56 .build/obj_crkbd_rev1_legacy_thefrey/common/action.o
                0x0000000000003748                register_code
 .text.unregister_code
                0x000000000000379e       0x50 .build/obj_crkbd_rev1_legacy_thefrey/common/action.o
                0x000000000000379e                unregister_code
 .text.tap_code
                0x00000000000037ee       0x26 .build/obj_crkbd_rev1_legacy_thefrey/common/action.o
                0x00000000000037ee                tap_code
 .text.register_mods
                0x0000000000003814        0xe .build/obj_crkbd_rev1_legacy_thefrey/common/action.o
                0x0000000000003814                register_mods
 .text.unregister_mods
                0x0000000000003822        0xe .build/obj_crkbd_rev1_legacy_thefrey/common/action.o
                0x0000000000003822                unregister_mods
 .text.process_action
                0x0000000000003830      0x3ca .build/obj_crkbd_rev1_legacy_thefrey/common/action.o
                0x0000000000003830                process_action
 .text.process_record_handler
                0x0000000000003bfa       0x2e .build/obj_crkbd_rev1_legacy_thefrey/common/action.o
                0x0000000000003bfa                process_record_handler
 .text.process_record
                0x0000000000003c28       0x50 .build/obj_crkbd_rev1_legacy_thefrey/common/action.o
                0x0000000000003c28                process_record
 .text.clear_keyboard_but_mods_and_keys
                0x0000000000003c78        0xc .build/obj_crkbd_rev1_legacy_thefrey/common/action.o
                0x0000000000003c78                clear_keyboard_but_mods_and_keys
 .text.clear_keyboard_but_mods
                0x0000000000003c84        0x8 .build/obj_crkbd_rev1_legacy_thefrey/common/action.o
                0x0000000000003c84                clear_keyboard_but_mods
 .text.clear_keyboard
                0x0000000000003c8c        0x8 .build/obj_crkbd_rev1_legacy_thefrey/common/action.o
                0x0000000000003c8c                clear_keyboard
 .text.is_tap_action
                0x0000000000003c94       0x3e .build/obj_crkbd_rev1_legacy_thefrey/common/action.o
                0x0000000000003c94                is_tap_action
 .text.is_tap_key
                0x0000000000003cd2        0x8 .build/obj_crkbd_rev1_legacy_thefrey/common/action.o
                0x0000000000003cd2                is_tap_key
 .text.debug_event
                0x0000000000003cda       0x1e .build/obj_crkbd_rev1_legacy_thefrey/common/action.o
                0x0000000000003cda                debug_event
 .text.debug_record
                0x0000000000003cf8       0x20 .build/obj_crkbd_rev1_legacy_thefrey/common/action.o
                0x0000000000003cf8                debug_record
 .text.debug_waiting_buffer
                0x0000000000003d18       0x42 .build/obj_crkbd_rev1_legacy_thefrey/common/action_tapping.o
 .text.debug_tapping_key
                0x0000000000003d5a       0x1c .build/obj_crkbd_rev1_legacy_thefrey/common/action_tapping.o
 .text.waiting_buffer_scan_tap
                0x0000000000003d76       0xac .build/obj_crkbd_rev1_legacy_thefrey/common/action_tapping.o
 .text.process_tapping
                0x0000000000003e22      0x332 .build/obj_crkbd_rev1_legacy_thefrey/common/action_tapping.o
 .text.get_tapping_term
                0x0000000000004154        0x6 .build/obj_crkbd_rev1_legacy_thefrey/common/action_tapping.o
                0x0000000000004154                get_tapping_term
 .text.action_tapping_process
                0x000000000000415a      0x134 .build/obj_crkbd_rev1_legacy_thefrey/common/action_tapping.o
                0x000000000000415a                action_tapping_process
 .text.default_layer_state_set_user
                0x000000000000428e        0x2 .build/obj_crkbd_rev1_legacy_thefrey/common/action_layer.o
                0x000000000000428e                default_layer_state_set_user
 .text.default_layer_state_set_kb
                0x0000000000004290        0x4 .build/obj_crkbd_rev1_legacy_thefrey/common/action_layer.o
                0x0000000000004290                default_layer_state_set_kb
 .text.default_layer_state_set
                0x0000000000004294       0x18 .build/obj_crkbd_rev1_legacy_thefrey/common/action_layer.o
 .text.default_layer_debug
                0x00000000000042ac        0x2 .build/obj_crkbd_rev1_legacy_thefrey/common/action_layer.o
                0x00000000000042ac                default_layer_debug
 .text.default_layer_set
                0x00000000000042ae        0x4 .build/obj_crkbd_rev1_legacy_thefrey/common/action_layer.o
                0x00000000000042ae                default_layer_set
 .text.default_layer_or
                0x00000000000042b2       0x24 .build/obj_crkbd_rev1_legacy_thefrey/common/action_layer.o
                0x00000000000042b2                default_layer_or
 .text.default_layer_and
                0x00000000000042d6       0x24 .build/obj_crkbd_rev1_legacy_thefrey/common/action_layer.o
                0x00000000000042d6                default_layer_and
 .text.default_layer_xor
                0x00000000000042fa       0x24 .build/obj_crkbd_rev1_legacy_thefrey/common/action_layer.o
                0x00000000000042fa                default_layer_xor
 .text.layer_state_set_user
                0x000000000000431e        0x4 .build/obj_crkbd_rev1_legacy_thefrey/common/action_layer.o
                0x000000000000431e                layer_state_set_user
 .text.layer_state_set_kb
                0x0000000000004322        0x4 .build/obj_crkbd_rev1_legacy_thefrey/common/action_layer.o
                0x0000000000004322                layer_state_set_kb
 .text.layer_state_set
                0x0000000000004326       0x18 .build/obj_crkbd_rev1_legacy_thefrey/common/action_layer.o
                0x0000000000004326                layer_state_set
 .text.layer_clear
                0x000000000000433e        0xa .build/obj_crkbd_rev1_legacy_thefrey/common/action_layer.o
                0x000000000000433e                layer_clear
 .text.layer_state_cmp
                0x0000000000004348       0x2a .build/obj_crkbd_rev1_legacy_thefrey/common/action_layer.o
                0x0000000000004348                layer_state_cmp
 .text.layer_state_is
                0x0000000000004372       0x16 .build/obj_crkbd_rev1_legacy_thefrey/common/action_layer.o
                0x0000000000004372                layer_state_is
 .text.layer_move
                0x0000000000004388       0x2a .build/obj_crkbd_rev1_legacy_thefrey/common/action_layer.o
                0x0000000000004388                layer_move
 .text.layer_on
                0x00000000000043b2       0x42 .build/obj_crkbd_rev1_legacy_thefrey/common/action_layer.o
                0x00000000000043b2                layer_on
 .text.layer_off
                0x00000000000043f4       0x46 .build/obj_crkbd_rev1_legacy_thefrey/common/action_layer.o
                0x00000000000043f4                layer_off
 .text.layer_invert
                0x000000000000443a       0x42 .build/obj_crkbd_rev1_legacy_thefrey/common/action_layer.o
                0x000000000000443a                layer_invert
 .text.layer_or
                0x000000000000447c       0x24 .build/obj_crkbd_rev1_legacy_thefrey/common/action_layer.o
                0x000000000000447c                layer_or
 .text.layer_and
                0x00000000000044a0       0x24 .build/obj_crkbd_rev1_legacy_thefrey/common/action_layer.o
                0x00000000000044a0                layer_and
 .text.layer_xor
                0x00000000000044c4       0x24 .build/obj_crkbd_rev1_legacy_thefrey/common/action_layer.o
                0x00000000000044c4                layer_xor
 .text.layer_debug
                0x00000000000044e8        0x2 .build/obj_crkbd_rev1_legacy_thefrey/common/action_layer.o
                0x00000000000044e8                layer_debug
 .text.update_source_layers_cache
                0x00000000000044ea       0x5c .build/obj_crkbd_rev1_legacy_thefrey/common/action_layer.o
                0x00000000000044ea                update_source_layers_cache
 .text.read_source_layers_cache
                0x0000000000004546       0x52 .build/obj_crkbd_rev1_legacy_thefrey/common/action_layer.o
                0x0000000000004546                read_source_layers_cache
 .text.layer_switch_get_layer
                0x0000000000004598       0x84 .build/obj_crkbd_rev1_legacy_thefrey/common/action_layer.o
                0x0000000000004598                layer_switch_get_layer
 .text.layer_switch_get_action
                0x000000000000461c       0x14 .build/obj_crkbd_rev1_legacy_thefrey/common/action_layer.o
                0x000000000000461c                layer_switch_get_action
 .text.store_or_get_action
                0x0000000000004630       0x48 .build/obj_crkbd_rev1_legacy_thefrey/common/action_layer.o
                0x0000000000004630                store_or_get_action
 .text.add_key  0x0000000000004678        0xe .build/obj_crkbd_rev1_legacy_thefrey/common/action_util.o
                0x0000000000004678                add_key
 .text.del_key  0x0000000000004686        0xe .build/obj_crkbd_rev1_legacy_thefrey/common/action_util.o
                0x0000000000004686                del_key
 .text.clear_keys
                0x0000000000004694        0xc .build/obj_crkbd_rev1_legacy_thefrey/common/action_util.o
                0x0000000000004694                clear_keys
 .text.get_oneshot_layer
                0x00000000000046a0        0xc .build/obj_crkbd_rev1_legacy_thefrey/common/action_util.o
                0x00000000000046a0                get_oneshot_layer
 .text.get_oneshot_layer_state
                0x00000000000046ac        0x8 .build/obj_crkbd_rev1_legacy_thefrey/common/action_util.o
                0x00000000000046ac                get_oneshot_layer_state
 .text.is_oneshot_layer_active
                0x00000000000046b4        0xe .build/obj_crkbd_rev1_legacy_thefrey/common/action_util.o
                0x00000000000046b4                is_oneshot_layer_active
 .text.get_mods
                0x00000000000046c2        0x6 .build/obj_crkbd_rev1_legacy_thefrey/common/action_util.o
                0x00000000000046c2                get_mods
 .text.add_mods
                0x00000000000046c8        0xc .build/obj_crkbd_rev1_legacy_thefrey/common/action_util.o
                0x00000000000046c8                add_mods
 .text.del_mods
                0x00000000000046d4        0xe .build/obj_crkbd_rev1_legacy_thefrey/common/action_util.o
                0x00000000000046d4                del_mods
 .text.clear_mods
                0x00000000000046e2        0x6 .build/obj_crkbd_rev1_legacy_thefrey/common/action_util.o
                0x00000000000046e2                clear_mods
 .text.add_weak_mods
                0x00000000000046e8        0xc .build/obj_crkbd_rev1_legacy_thefrey/common/action_util.o
                0x00000000000046e8                add_weak_mods
 .text.del_weak_mods
                0x00000000000046f4        0xe .build/obj_crkbd_rev1_legacy_thefrey/common/action_util.o
                0x00000000000046f4                del_weak_mods
 .text.clear_weak_mods
                0x0000000000004702        0x6 .build/obj_crkbd_rev1_legacy_thefrey/common/action_util.o
                0x0000000000004702                clear_weak_mods
 .text.clear_macro_mods
                0x0000000000004708        0x6 .build/obj_crkbd_rev1_legacy_thefrey/common/action_util.o
                0x0000000000004708                clear_macro_mods
 .text.get_oneshot_mods
                0x000000000000470e        0x6 .build/obj_crkbd_rev1_legacy_thefrey/common/action_util.o
                0x000000000000470e                get_oneshot_mods
 .text.oneshot_mods_changed_user
                0x0000000000004714        0x2 .build/obj_crkbd_rev1_legacy_thefrey/common/action_util.o
                0x0000000000004714                oneshot_mods_changed_user
 .text.oneshot_mods_changed_kb
                0x0000000000004716        0x4 .build/obj_crkbd_rev1_legacy_thefrey/common/action_util.o
                0x0000000000004716                oneshot_mods_changed_kb
 .text.set_oneshot_mods
                0x000000000000471a       0x12 .build/obj_crkbd_rev1_legacy_thefrey/common/action_util.o
                0x000000000000471a                set_oneshot_mods
 .text.clear_oneshot_mods
                0x000000000000472c       0x14 .build/obj_crkbd_rev1_legacy_thefrey/common/action_util.o
                0x000000000000472c                clear_oneshot_mods
 .text.send_keyboard_report
                0x0000000000004740       0x66 .build/obj_crkbd_rev1_legacy_thefrey/common/action_util.o
                0x0000000000004740                send_keyboard_report
 .text.oneshot_layer_changed_user
                0x00000000000047a6        0x2 .build/obj_crkbd_rev1_legacy_thefrey/common/action_util.o
                0x00000000000047a6                oneshot_layer_changed_user
 .text.oneshot_layer_changed_kb
                0x00000000000047a8        0x4 .build/obj_crkbd_rev1_legacy_thefrey/common/action_util.o
                0x00000000000047a8                oneshot_layer_changed_kb
 .text.set_oneshot_layer
                0x00000000000047ac       0x20 .build/obj_crkbd_rev1_legacy_thefrey/common/action_util.o
                0x00000000000047ac                set_oneshot_layer
 .text.reset_oneshot_layer
                0x00000000000047cc        0xa .build/obj_crkbd_rev1_legacy_thefrey/common/action_util.o
                0x00000000000047cc                reset_oneshot_layer
 .text.clear_oneshot_layer_state
                0x00000000000047d6       0x30 .build/obj_crkbd_rev1_legacy_thefrey/common/action_util.o
                0x00000000000047d6                clear_oneshot_layer_state
 .text.eeconfig_is_enabled
                0x0000000000004806       0x16 .build/obj_crkbd_rev1_legacy_thefrey/common/eeconfig.o
                0x0000000000004806                eeconfig_is_enabled
 .text.eeconfig_read_debug
                0x000000000000481c        0x8 .build/obj_crkbd_rev1_legacy_thefrey/common/eeconfig.o
                0x000000000000481c                eeconfig_read_debug
 .text.eeconfig_read_default_layer
                0x0000000000004824        0x8 .build/obj_crkbd_rev1_legacy_thefrey/common/eeconfig.o
                0x0000000000004824                eeconfig_read_default_layer
 .text.eeconfig_update_default_layer
                0x000000000000482c        0xa .build/obj_crkbd_rev1_legacy_thefrey/common/eeconfig.o
                0x000000000000482c                eeconfig_update_default_layer
 .text.eeconfig_read_keymap
                0x0000000000004836       0x1c .build/obj_crkbd_rev1_legacy_thefrey/common/eeconfig.o
                0x0000000000004836                eeconfig_read_keymap
 .text.eeconfig_update_keymap
                0x0000000000004852       0x1a .build/obj_crkbd_rev1_legacy_thefrey/common/eeconfig.o
                0x0000000000004852                eeconfig_update_keymap
 .text.eeconfig_update_kb
                0x000000000000486c        0xc .build/obj_crkbd_rev1_legacy_thefrey/common/eeconfig.o
                0x000000000000486c                eeconfig_update_kb
 .text.eeconfig_update_user
                0x0000000000004878        0xc .build/obj_crkbd_rev1_legacy_thefrey/common/eeconfig.o
                0x0000000000004878                eeconfig_update_user
 .text.eeconfig_init_user
                0x0000000000004884        0xa .build/obj_crkbd_rev1_legacy_thefrey/common/eeconfig.o
                0x0000000000004884                eeconfig_init_user
 .text.eeconfig_init_kb
                0x000000000000488e        0xe .build/obj_crkbd_rev1_legacy_thefrey/common/eeconfig.o
                0x000000000000488e                eeconfig_init_kb
 .text.eeconfig_init_quantum
                0x000000000000489c       0xbc .build/obj_crkbd_rev1_legacy_thefrey/common/eeconfig.o
                0x000000000000489c                eeconfig_init_quantum
 .text.eeconfig_init
                0x0000000000004958        0x4 .build/obj_crkbd_rev1_legacy_thefrey/common/eeconfig.o
                0x0000000000004958                eeconfig_init
 .text.eeconfig_update_handedness
                0x000000000000495c        0xa .build/obj_crkbd_rev1_legacy_thefrey/common/eeconfig.o
                0x000000000000495c                eeconfig_update_handedness
 .text.has_anykey
                0x0000000000004966       0x24 .build/obj_crkbd_rev1_legacy_thefrey/common/report.o
                0x0000000000004966                has_anykey
 .text.is_key_pressed
                0x000000000000498a       0x1e .build/obj_crkbd_rev1_legacy_thefrey/common/report.o
                0x000000000000498a                is_key_pressed
 .text.add_key_byte
                0x00000000000049a8       0x34 .build/obj_crkbd_rev1_legacy_thefrey/common/report.o
                0x00000000000049a8                add_key_byte
 .text.del_key_byte
                0x00000000000049dc       0x1a .build/obj_crkbd_rev1_legacy_thefrey/common/report.o
                0x00000000000049dc                del_key_byte
 .text.add_key_to_report
                0x00000000000049f6        0x4 .build/obj_crkbd_rev1_legacy_thefrey/common/report.o
                0x00000000000049f6                add_key_to_report
 .text.del_key_from_report
                0x00000000000049fa        0x4 .build/obj_crkbd_rev1_legacy_thefrey/common/report.o
                0x00000000000049fa                del_key_from_report
 .text.clear_keys_from_report
                0x00000000000049fe        0xe .build/obj_crkbd_rev1_legacy_thefrey/common/report.o
                0x00000000000049fe                clear_keys_from_report
 .text.matrix_power_up
                0x0000000000004a0c        0x2 .build/obj_crkbd_rev1_legacy_thefrey/common/avr/suspend.o
                0x0000000000004a0c                matrix_power_up
 .text.suspend_power_down_user
                0x0000000000004a0e        0x2 .build/obj_crkbd_rev1_legacy_thefrey/common/avr/suspend.o
                0x0000000000004a0e                suspend_power_down_user
 .text.suspend_power_down_kb
                0x0000000000004a10        0x4 .build/obj_crkbd_rev1_legacy_thefrey/common/avr/suspend.o
                0x0000000000004a10                suspend_power_down_kb
 .text.suspend_power_down
                0x0000000000004a14       0x60 .build/obj_crkbd_rev1_legacy_thefrey/common/avr/suspend.o
                0x0000000000004a14                suspend_power_down
 .text.matrix_power_down
                0x0000000000004a74        0x2 .build/obj_crkbd_rev1_legacy_thefrey/common/avr/suspend.o
                0x0000000000004a74                matrix_power_down
 .text.suspend_wakeup_condition
                0x0000000000004a76       0x28 .build/obj_crkbd_rev1_legacy_thefrey/common/avr/suspend.o
                0x0000000000004a76                suspend_wakeup_condition
 .text.suspend_wakeup_init_user
                0x0000000000004a9e        0x2 .build/obj_crkbd_rev1_legacy_thefrey/common/avr/suspend.o
                0x0000000000004a9e                suspend_wakeup_init_user
 .text.suspend_wakeup_init_kb
                0x0000000000004aa0        0x4 .build/obj_crkbd_rev1_legacy_thefrey/common/avr/suspend.o
                0x0000000000004aa0                suspend_wakeup_init_kb
 .text.suspend_wakeup_init
                0x0000000000004aa4       0x10 .build/obj_crkbd_rev1_legacy_thefrey/common/avr/suspend.o
                0x0000000000004aa4                suspend_wakeup_init
 .text.__vector_12
                0x0000000000004ab4       0x4e .build/obj_crkbd_rev1_legacy_thefrey/common/avr/suspend.o
                0x0000000000004ab4                __vector_12
 .text.timer_init
                0x0000000000004b02       0x12 .build/obj_crkbd_rev1_legacy_thefrey/common/avr/timer.o
                0x0000000000004b02                timer_init
 .text.timer_read
                0x0000000000004b14       0x18 .build/obj_crkbd_rev1_legacy_thefrey/common/avr/timer.o
                0x0000000000004b14                timer_read
 .text.timer_elapsed
                0x0000000000004b2c       0x1e .build/obj_crkbd_rev1_legacy_thefrey/common/avr/timer.o
                0x0000000000004b2c                timer_elapsed
 .text.__vector_21
                0x0000000000004b4a       0x48 .build/obj_crkbd_rev1_legacy_thefrey/common/avr/timer.o
                0x0000000000004b4a                __vector_21
 .text.bootloader_jump
                0x0000000000004b92       0x22 .build/obj_crkbd_rev1_legacy_thefrey/common/avr/bootloader.o
                0x0000000000004b92                bootloader_jump
 .text.magic    0x0000000000004bb4       0x44 .build/obj_crkbd_rev1_legacy_thefrey/common/magic.o
                0x0000000000004bb4                magic
 .text.keyboard_leds
                0x0000000000004bf8        0x6 .build/obj_crkbd_rev1_legacy_thefrey/lufa.o
 .text.send_mouse
                0x0000000000004bfe        0x2 .build/obj_crkbd_rev1_legacy_thefrey/lufa.o
 .text.send_system
                0x0000000000004c00        0x2 .build/obj_crkbd_rev1_legacy_thefrey/lufa.o
 .text.send_keyboard
                0x0000000000004c02       0x5a .build/obj_crkbd_rev1_legacy_thefrey/lufa.o
 .text.send_consumer
                0x0000000000004c5c        0x2 .build/obj_crkbd_rev1_legacy_thefrey/lufa.o
 .text.EVENT_USB_Device_Connect
                0x0000000000004c5e       0x1c .build/obj_crkbd_rev1_legacy_thefrey/lufa.o
                0x0000000000004c5e                EVENT_USB_Device_Connect
 .text.EVENT_USB_Device_Disconnect
                0x0000000000004c7a        0x6 .build/obj_crkbd_rev1_legacy_thefrey/lufa.o
                0x0000000000004c7a                EVENT_USB_Device_Disconnect
 .text.EVENT_USB_Device_Reset
                0x0000000000004c80        0x2 .build/obj_crkbd_rev1_legacy_thefrey/lufa.o
                0x0000000000004c80                EVENT_USB_Device_Reset
 .text.EVENT_USB_Device_Suspend
                0x0000000000004c82        0x2 .build/obj_crkbd_rev1_legacy_thefrey/lufa.o
                0x0000000000004c82                EVENT_USB_Device_Suspend
 .text.EVENT_USB_Device_WakeUp
                0x0000000000004c84        0x4 .build/obj_crkbd_rev1_legacy_thefrey/lufa.o
                0x0000000000004c84                EVENT_USB_Device_WakeUp
 .text.EVENT_USB_Device_ConfigurationChanged
                0x0000000000004c88        0xa .build/obj_crkbd_rev1_legacy_thefrey/lufa.o
                0x0000000000004c88                EVENT_USB_Device_ConfigurationChanged
 .text.EVENT_USB_Device_ControlRequest
                0x0000000000004c92      0x16e .build/obj_crkbd_rev1_legacy_thefrey/lufa.o
                0x0000000000004c92                EVENT_USB_Device_ControlRequest
 .text.startup.main
                0x0000000000004e00       0x86 .build/obj_crkbd_rev1_legacy_thefrey/lufa.o
                0x0000000000004e00                main
 .text.CALLBACK_USB_GetDescriptor
                0x0000000000004e86        0x4 .build/obj_crkbd_rev1_legacy_thefrey/lufa.o
                0x0000000000004e86                CALLBACK_USB_GetDescriptor
 .text.get_usb_descriptor
                0x0000000000004e8a       0x8c .build/obj_crkbd_rev1_legacy_thefrey/usb_descriptor.o
                0x0000000000004e8a                get_usb_descriptor
 .text.USB_Device_SendRemoteWakeup
                0x0000000000004f16       0x2c .build/obj_crkbd_rev1_legacy_thefrey/lib/lufa/LUFA/Drivers/USB/Core/AVR8/Device_AVR8.o
                0x0000000000004f16                USB_Device_SendRemoteWakeup
 .text.Endpoint_Write_Stream_LE
                0x0000000000004f42       0x9e .build/obj_crkbd_rev1_legacy_thefrey/lib/lufa/LUFA/Drivers/USB/Core/AVR8/EndpointStream_AVR8.o
                0x0000000000004f42                Endpoint_Write_Stream_LE
 .text.Endpoint_Write_Control_Stream_LE
                0x0000000000004fe0       0xbc .build/obj_crkbd_rev1_legacy_thefrey/lib/lufa/LUFA/Drivers/USB/Core/AVR8/EndpointStream_AVR8.o
                0x0000000000004fe0                Endpoint_Write_Control_Stream_LE
 .text.Endpoint_Write_Control_PStream_LE
                0x000000000000509c       0xbe .build/obj_crkbd_rev1_legacy_thefrey/lib/lufa/LUFA/Drivers/USB/Core/AVR8/EndpointStream_AVR8.o
                0x000000000000509c                Endpoint_Write_Control_PStream_LE
 .text.Endpoint_ConfigureEndpoint_Prv
                0x000000000000515a       0x68 .build/obj_crkbd_rev1_legacy_thefrey/lib/lufa/LUFA/Drivers/USB/Core/AVR8/Endpoint_AVR8.o
                0x000000000000515a                Endpoint_ConfigureEndpoint_Prv
 .text.Endpoint_ClearStatusStage
                0x00000000000051c2       0x3e .build/obj_crkbd_rev1_legacy_thefrey/lib/lufa/LUFA/Drivers/USB/Core/AVR8/Endpoint_AVR8.o
                0x00000000000051c2                Endpoint_ClearStatusStage
 .text.Endpoint_WaitUntilReady
                0x0000000000005200       0x62 .build/obj_crkbd_rev1_legacy_thefrey/lib/lufa/LUFA/Drivers/USB/Core/AVR8/Endpoint_AVR8.o
                0x0000000000005200                Endpoint_WaitUntilReady
 .text.USB_Disable
                0x0000000000005262       0x34 .build/obj_crkbd_rev1_legacy_thefrey/lib/lufa/LUFA/Drivers/USB/Core/AVR8/USBController_AVR8.o
                0x0000000000005262                USB_Disable
 .text.USB_ResetInterface
                0x0000000000005296       0x86 .build/obj_crkbd_rev1_legacy_thefrey/lib/lufa/LUFA/Drivers/USB/Core/AVR8/USBController_AVR8.o
                0x0000000000005296                USB_ResetInterface
 .text.USB_Init
                0x000000000000531c       0x22 .build/obj_crkbd_rev1_legacy_thefrey/lib/lufa/LUFA/Drivers/USB/Core/AVR8/USBController_AVR8.o
                0x000000000000531c                USB_Init
 .text.USB_INT_DisableAllInterrupts
                0x000000000000533e       0x10 .build/obj_crkbd_rev1_legacy_thefrey/lib/lufa/LUFA/Drivers/USB/Core/AVR8/USBInterrupt_AVR8.o
                0x000000000000533e                USB_INT_DisableAllInterrupts
 .text.USB_INT_ClearAllInterrupts
                0x000000000000534e        0xa .build/obj_crkbd_rev1_legacy_thefrey/lib/lufa/LUFA/Drivers/USB/Core/AVR8/USBInterrupt_AVR8.o
                0x000000000000534e                USB_INT_ClearAllInterrupts
 .text.__vector_10
                0x0000000000005358      0x1a8 .build/obj_crkbd_rev1_legacy_thefrey/lib/lufa/LUFA/Drivers/USB/Core/AVR8/USBInterrupt_AVR8.o
                0x0000000000005358                __vector_10
 .text.__vector_11
                0x0000000000005500       0x88 .build/obj_crkbd_rev1_legacy_thefrey/lib/lufa/LUFA/Drivers/USB/Core/AVR8/USBInterrupt_AVR8.o
                0x0000000000005500                __vector_11
 .text.USB_Device_ProcessControlRequest
                0x0000000000005588      0x2a4 .build/obj_crkbd_rev1_legacy_thefrey/lib/lufa/LUFA/Drivers/USB/Core/DeviceStandardReq.o
                0x0000000000005588                USB_Device_ProcessControlRequest
 .text.USB_Event_Stub
                0x000000000000582c        0x2 .build/obj_crkbd_rev1_legacy_thefrey/lib/lufa/LUFA/Drivers/USB/Core/Events.o
                0x000000000000582c                USB_Event_Stub
                0x000000000000582c                EVENT_USB_Device_StartOfFrame
 .text.USB_USBTask
                0x000000000000582e       0x36 .build/obj_crkbd_rev1_legacy_thefrey/lib/lufa/LUFA/Drivers/USB/Core/USBTask.o
                0x000000000000582e                USB_USBTask
 .text.libgcc.div
                0x0000000000005864       0x18 /usr/local/Cellar/avr-gcc@8/8.4.0_2/lib/avr-gcc/8/gcc/avr/8.4.0/avr5/libgcc.a(_udivmodqi4.o)
                0x0000000000005864                __udivmodqi4
 .text.libgcc.div
                0x000000000000587c       0x1c /usr/local/Cellar/avr-gcc@8/8.4.0_2/lib/avr-gcc/8/gcc/avr/8.4.0/avr5/libgcc.a(_divmodqi4.o)
                0x000000000000587c                __divmodqi4
 .text.libgcc.div
                0x0000000000005898       0x28 /usr/local/Cellar/avr-gcc@8/8.4.0_2/lib/avr-gcc/8/gcc/avr/8.4.0/avr5/libgcc.a(_udivmodhi4.o)
                0x0000000000005898                __udivmodhi4
 .text.libgcc.div
                0x00000000000058c0       0x28 /usr/local/Cellar/avr-gcc@8/8.4.0_2/lib/avr-gcc/8/gcc/avr/8.4.0/avr5/libgcc.a(_divmodhi4.o)
                0x00000000000058c0                __divmodhi4
                0x00000000000058c0                _div
 .text.libgcc.div
                0x00000000000058e8       0x44 /usr/local/Cellar/avr-gcc@8/8.4.0_2/lib/avr-gcc/8/gcc/avr/8.4.0/avr5/libgcc.a(_udivmodsi4.o)
                0x00000000000058e8                __udivmodsi4
 .text.libgcc   0x000000000000592c        0xc /usr/local/Cellar/avr-gcc@8/8.4.0_2/lib/avr-gcc/8/gcc/avr/8.4.0/avr5/libgcc.a(_tablejump2.o)
                0x000000000000592c                __tablejump2__
 .text.libgcc.mul
                0x0000000000005938       0x10 /usr/local/Cellar/avr-gcc@8/8.4.0_2/lib/avr-gcc/8/gcc/avr/8.4.0/avr5/libgcc.a(_mulhisi3.o)
                0x0000000000005938                __mulhisi3
 .text.libgcc.mul
                0x0000000000005948       0x1e /usr/local/Cellar/avr-gcc@8/8.4.0_2/lib/avr-gcc/8/gcc/avr/8.4.0/avr5/libgcc.a(_umulhisi3.o)
                0x0000000000005948                __umulhisi3
 .text.libgcc.mul
                0x0000000000005966        0xe /usr/local/Cellar/avr-gcc@8/8.4.0_2/lib/avr-gcc/8/gcc/avr/8.4.0/avr5/libgcc.a(_usmulhisi3.o)
                0x0000000000005966                __usmulhisi3
                0x000000000000596a                __usmulhisi3_tail
 .text.libgcc.mul
                0x0000000000005974       0x16 /usr/local/Cellar/avr-gcc@8/8.4.0_2/lib/avr-gcc/8/gcc/avr/8.4.0/avr5/libgcc.a(_muluhisi3.o)
                0x0000000000005974                __muluhisi3
 .text.libgcc.mul
                0x000000000000598a       0x10 /usr/local/Cellar/avr-gcc@8/8.4.0_2/lib/avr-gcc/8/gcc/avr/8.4.0/avr5/libgcc.a(_mulshisi3.o)
                0x000000000000598a                __mulshisi3
                0x0000000000005990                __mulohisi3
 .text.avr-libc
                0x000000000000599a       0xb8 /usr/local/Cellar/avr-gcc@8/8.4.0_2/lib/avr-gcc/8/gcc/avr/8.4.0/../../../../../../avr/lib/avr5/libc.a(rand.o)
                0x0000000000005a2c                rand_r
                0x0000000000005a32                rand
                0x0000000000005a3c                srand
 .text.avr-libc
                0x0000000000005a52       0x1a /usr/local/Cellar/avr-gcc@8/8.4.0_2/lib/avr-gcc/8/gcc/avr/8.4.0/../../../../../../avr/lib/avr5/libc.a(memchr.o)
                0x0000000000005a52                memchr
 .text.avr-libc
                0x0000000000005a6c       0x1a /usr/local/Cellar/avr-gcc@8/8.4.0_2/lib/avr-gcc/8/gcc/avr/8.4.0/../../../../../../avr/lib/avr5/libc.a(memcmp.o)
                0x0000000000005a6c                memcmp
 .text.avr-libc
                0x0000000000005a86       0x24 /usr/local/Cellar/avr-gcc@8/8.4.0_2/lib/avr-gcc/8/gcc/avr/8.4.0/../../../../../../avr/lib/avr5/libc.a(memmove.o)
                0x0000000000005a86                memmove
 .text.avr-libc
                0x0000000000005aaa        0xe /usr/local/Cellar/avr-gcc@8/8.4.0_2/lib/avr-gcc/8/gcc/avr/8.4.0/../../../../../../avr/lib/avr5/libc.a(memset.o)
                0x0000000000005aaa                memset
 .text.avr-libc
                0x0000000000005ab8        0xe /usr/local/Cellar/avr-gcc@8/8.4.0_2/lib/avr-gcc/8/gcc/avr/8.4.0/../../../../../../avr/lib/avr5/libc.a(strcpy.o)
                0x0000000000005ab8                strcpy
 .text.avr-libc
                0x0000000000005ac6       0x60 /usr/local/Cellar/avr-gcc@8/8.4.0_2/lib/avr-gcc/8/gcc/avr/8.4.0/../../../../../../avr/lib/avr5/libc.a(snprintf.o)
                0x0000000000005ac6                snprintf
 .text.avr-libc
                0x0000000000005b26      0x396 /usr/local/Cellar/avr-gcc@8/8.4.0_2/lib/avr-gcc/8/gcc/avr/8.4.0/../../../../../../avr/lib/avr5/libc.a(vfprintf_std.o)
                0x0000000000005b26                vfprintf
 .text.avr-libc
                0x0000000000005ebc       0x16 /usr/local/Cellar/avr-gcc@8/8.4.0_2/lib/avr-gcc/8/gcc/avr/8.4.0/../../../../../../avr/lib/avr5/libc.a(strnlen_P.o)
                0x0000000000005ebc                strnlen_P
 .text.avr-libc
                0x0000000000005ed2       0x12 /usr/local/Cellar/avr-gcc@8/8.4.0_2/lib/avr-gcc/8/gcc/avr/8.4.0/../../../../../../avr/lib/avr5/libc.a(memcpy.o)
                0x0000000000005ed2                memcpy
 .text.avr-libc
                0x0000000000005ee4       0x16 /usr/local/Cellar/avr-gcc@8/8.4.0_2/lib/avr-gcc/8/gcc/avr/8.4.0/../../../../../../avr/lib/avr5/libc.a(strnlen.o)
                0x0000000000005ee4                strnlen
 .text.avr-libc
                0x0000000000005efa       0x60 /usr/local/Cellar/avr-gcc@8/8.4.0_2/lib/avr-gcc/8/gcc/avr/8.4.0/../../../../../../avr/lib/avr5/libc.a(fputc.o)
                0x0000000000005efa                fputc
 .text.avr-libc
                0x0000000000005f5a       0xbc /usr/local/Cellar/avr-gcc@8/8.4.0_2/lib/avr-gcc/8/gcc/avr/8.4.0/../../../../../../avr/lib/avr5/libc.a(ultoa_invert.o)
                0x0000000000005f5a                __ultoa_invert
 .text.avr-libc
                0x0000000000006016       0x10 /usr/local/Cellar/avr-gcc@8/8.4.0_2/lib/avr-gcc/8/gcc/avr/8.4.0/../../../../../../avr/lib/avr5/libatmega32u4.a(eerd_byte.o)
                0x0000000000006016                eeprom_read_byte
 .text.avr-libc
                0x0000000000006026        0xc /usr/local/Cellar/avr-gcc@8/8.4.0_2/lib/avr-gcc/8/gcc/avr/8.4.0/../../../../../../avr/lib/avr5/libatmega32u4.a(eerd_dword.o)
                0x0000000000006026                eeprom_read_dword
                0x0000000000006026                eeprom_read_float
 .text.avr-libc
                0x0000000000006032        0xc /usr/local/Cellar/avr-gcc@8/8.4.0_2/lib/avr-gcc/8/gcc/avr/8.4.0/../../../../../../avr/lib/avr5/libatmega32u4.a(eerd_word.o)
                0x0000000000006032                eeprom_read_word
 .text.avr-libc
                0x000000000000603e       0x24 /usr/local/Cellar/avr-gcc@8/8.4.0_2/lib/avr-gcc/8/gcc/avr/8.4.0/../../../../../../avr/lib/avr5/libatmega32u4.a(eeupd_byte.o)
                0x000000000000603e                eeprom_update_byte
                0x0000000000006040                eeprom_update_r18
 .text.avr-libc
                0x0000000000006062       0x18 /usr/local/Cellar/avr-gcc@8/8.4.0_2/lib/avr-gcc/8/gcc/avr/8.4.0/../../../../../../avr/lib/avr5/libatmega32u4.a(eeupd_dword.o)
                0x0000000000006062                eeprom_update_dword
                0x0000000000006062                eeprom_update_float
 .text.avr-libc
                0x000000000000607a        0xc /usr/local/Cellar/avr-gcc@8/8.4.0_2/lib/avr-gcc/8/gcc/avr/8.4.0/../../../../../../avr/lib/avr5/libatmega32u4.a(eeupd_word.o)
                0x000000000000607a                eeprom_update_word
 .text.avr-libc
                0x0000000000006086       0x20 /usr/local/Cellar/avr-gcc@8/8.4.0_2/lib/avr-gcc/8/gcc/avr/8.4.0/../../../../../../avr/lib/avr5/libatmega32u4.a(eerd_block.o)
                0x0000000000006086                eeprom_read_block
                0x000000000000608a                eeprom_read_blraw
 .text.libgcc.div
                0x00000000000060a6       0x2e /usr/local/Cellar/avr-gcc@8/8.4.0_2/lib/avr-gcc/8/gcc/avr/8.4.0/avr5/libgcc.a(_divmodsi4.o)
                0x00000000000060a6                __divmodsi4
 .text.libgcc.div
                0x00000000000060d4       0x10 /usr/local/Cellar/avr-gcc@8/8.4.0_2/lib/avr-gcc/8/gcc/avr/8.4.0/avr5/libgcc.a(_negsi2.o)
                0x00000000000060d4                __negsi2
 .text.libgcc.prologue
                0x00000000000060e4       0x38 /usr/local/Cellar/avr-gcc@8/8.4.0_2/lib/avr-gcc/8/gcc/avr/8.4.0/avr5/libgcc.a(_prologue.o)
                0x00000000000060e4                __prologue_saves__
 .text.libgcc.prologue
                0x000000000000611c       0x36 /usr/local/Cellar/avr-gcc@8/8.4.0_2/lib/avr-gcc/8/gcc/avr/8.4.0/avr5/libgcc.a(_epilogue.o)
                0x000000000000611c                __epilogue_restores__
                0x0000000000006152                . = ALIGN (0x2)
 *(.fini9)
 .fini9         0x0000000000006152        0x0 /usr/local/Cellar/avr-gcc@8/8.4.0_2/lib/avr-gcc/8/gcc/avr/8.4.0/avr5/libgcc.a(_exit.o)
                0x0000000000006152                exit
                0x0000000000006152                _exit
 *(.fini9)
 *(.fini8)
 *(.fini8)
 *(.fini7)
 *(.fini7)
 *(.fini6)
 *(.fini6)
 *(.fini5)
 *(.fini5)
 *(.fini4)
 *(.fini4)
 *(.fini3)
 *(.fini3)
 *(.fini2)
 *(.fini2)
 *(.fini1)
 *(.fini1)
 *(.fini0)
 .fini0         0x0000000000006152        0x4 /usr/local/Cellar/avr-gcc@8/8.4.0_2/lib/avr-gcc/8/gcc/avr/8.4.0/avr5/libgcc.a(_exit.o)
 *(.fini0)
 *(.hightext)
 *(.hightext*)
 *(.progmemx.*)
                0x0000000000006156                . = ALIGN (0x2)
 *(.jumptables)
 *(.jumptables*)
 .jumptables.gcc.process_rgb
                0x0000000000006156       0x28 .build/obj_crkbd_rev1_legacy_thefrey/quantum/process_keycode/process_rgb.o
 .jumptables.gcc.process_action
                0x000000000000617e       0x18 .build/obj_crkbd_rev1_legacy_thefrey/common/action.o
 .jumptables.gcc.is_tap_action
                0x0000000000006196       0x1c .build/obj_crkbd_rev1_legacy_thefrey/common/action.o
 .jumptables.gcc.USB_Device_ProcessControlRequest
                0x00000000000061b2       0x14 .build/obj_crkbd_rev1_legacy_thefrey/lib/lufa/LUFA/Drivers/USB/Core/DeviceStandardReq.o
                0x00000000000061c6                _etext = .

.data           0x0000000000800100      0x152 load address 0x00000000000061c6
                0x0000000000800100                PROVIDE (__data_start = .)
 *(.data)
 .data          0x0000000000800100        0x4 /usr/local/Cellar/avr-gcc@8/8.4.0_2/lib/avr-gcc/8/gcc/avr/8.4.0/../../../../../../avr/lib/avr5/libc.a(rand.o)
 *(.data*)
 .data.debouncing
                0x0000000000800104        0x1 .build/obj_crkbd_rev1_legacy_thefrey/matrix.o
 .data.isLeftHand
                0x0000000000800105        0x1 .build/obj_crkbd_rev1_legacy_thefrey/split_util.o
                0x0000000000800105                isLeftHand
 .data.transactions
                0x0000000000800106       0x18 .build/obj_crkbd_rev1_legacy_thefrey/split_scomm.o
                0x0000000000800106                transactions
 .data.s_change_new
                0x000000000080011e        0x1 .build/obj_crkbd_rev1_legacy_thefrey/split_scomm.o
                0x000000000080011e                s_change_new
 .data.s_change_old
                0x000000000080011f        0x1 .build/obj_crkbd_rev1_legacy_thefrey/split_scomm.o
                0x000000000080011f                s_change_old
 .data.logo.6414
                0x0000000000800120       0x40 .build/obj_crkbd_rev1_legacy_thefrey/./lib/logo_reader.o
 .data.increment.3429
                0x0000000000800160        0x1 .build/obj_crkbd_rev1_legacy_thefrey/quantum/rgblight.o
 .data.increment.3417
                0x0000000000800161        0x1 .build/obj_crkbd_rev1_legacy_thefrey/quantum/rgblight.o
 .data.high_bound.3416
                0x0000000000800162        0x1 .build/obj_crkbd_rev1_legacy_thefrey/quantum/rgblight.o
 .data.rgblight_ranges
                0x0000000000800163        0x5 .build/obj_crkbd_rev1_legacy_thefrey/quantum/rgblight.o
                0x0000000000800163                rgblight_ranges
 .data.static_effect_table
                0x0000000000800168        0xb .build/obj_crkbd_rev1_legacy_thefrey/quantum/rgblight.o
 .data.force_dirty
                0x0000000000800173        0x1 .build/obj_crkbd_rev1_legacy_thefrey/ssd1306.a(ssd1306.o)
 .data.keyboard_report
                0x0000000000800174        0x2 .build/obj_crkbd_rev1_legacy_thefrey/common/action_util.o
                0x0000000000800174                keyboard_report
 .data.lufa_driver
                0x0000000000800176        0xa .build/obj_crkbd_rev1_legacy_thefrey/lufa.o
                0x0000000000800176                lufa_driver
 .data.keyboard_protocol
                0x0000000000800180        0x1 .build/obj_crkbd_rev1_legacy_thefrey/lufa.o
                0x0000000000800180                keyboard_protocol
 *(.gnu.linkonce.d*)
 *(.rodata)
 *(.rodata*)
 .rodata.col_pins
                0x0000000000800181        0x6 .build/obj_crkbd_rev1_legacy_thefrey/matrix.o
 .rodata.row_pins
                0x0000000000800187        0x8 .build/obj_crkbd_rev1_legacy_thefrey/matrix.o
 .rodata.read_layer_state.str1.1
                0x000000000080018f       0x48 .build/obj_crkbd_rev1_legacy_thefrey/./lib/layer_state_reader.o
 .rodata.set_keylog.str1.1
                0x00000000008001d7       0x11 .build/obj_crkbd_rev1_legacy_thefrey/./lib/keylogger.o
 .rodata.code_to_name
                0x00000000008001e8       0x3c .build/obj_crkbd_rev1_legacy_thefrey/./lib/keylogger.o
                0x00000000008001e8                code_to_name
 .rodata.mode_base_table
                0x0000000000800224       0x2b .build/obj_crkbd_rev1_legacy_thefrey/quantum/rgblight.o
 .rodata.matrix_write_ln.str1.1
                0x000000000080024f        0x2 .build/obj_crkbd_rev1_legacy_thefrey/ssd1306.a(ssd1306.o)
 *(.gnu.linkonce.r*)
                0x0000000000800252                . = ALIGN (0x2)
 *fill*         0x0000000000800251        0x1 
                0x0000000000800252                _edata = .
                0x0000000000800252                PROVIDE (__data_end = .)

.bss            0x0000000000800252      0x262
                0x0000000000800252                PROVIDE (__bss_start = .)
 *(.bss)
 *(.bss*)
 .bss.matrix_debouncing
                0x0000000000800252        0x8 .build/obj_crkbd_rev1_legacy_thefrey/matrix.o
 .bss.matrix    0x000000000080025a        0x8 .build/obj_crkbd_rev1_legacy_thefrey/matrix.o
 .bss.is_master
                0x0000000000800262        0x1 .build/obj_crkbd_rev1_legacy_thefrey/matrix.o
                0x0000000000800262                is_master
 .bss.error_count
                0x0000000000800263        0x1 .build/obj_crkbd_rev1_legacy_thefrey/matrix.o
 .bss.usbstate.1903
                0x0000000000800264        0x1 .build/obj_crkbd_rev1_legacy_thefrey/split_util.o
 .bss.need_retry.1591
                0x0000000000800265        0x2 .build/obj_crkbd_rev1_legacy_thefrey/split_scomm.o
 .bss.slave_buffer_change_count
                0x0000000000800267        0x1 .build/obj_crkbd_rev1_legacy_thefrey/split_scomm.o
                0x0000000000800267                slave_buffer_change_count
 .bss.status1   0x0000000000800268        0x1 .build/obj_crkbd_rev1_legacy_thefrey/split_scomm.o
                0x0000000000800268                status1
 .bss.status_com
                0x0000000000800269        0x1 .build/obj_crkbd_rev1_legacy_thefrey/split_scomm.o
                0x0000000000800269                status_com
 .bss.serial_master_buffer
                0x000000000080026a        0x4 .build/obj_crkbd_rev1_legacy_thefrey/split_scomm.o
                0x000000000080026a                serial_master_buffer
 .bss.serial_slave_buffer
                0x000000000080026e        0x4 .build/obj_crkbd_rev1_legacy_thefrey/split_scomm.o
                0x000000000080026e                serial_slave_buffer
 .bss.keylogs_str_idx
                0x0000000000800272        0x2 .build/obj_crkbd_rev1_legacy_thefrey/./lib/keylogger.o
                0x0000000000800272                keylogs_str_idx
 .bss.keylogs_str
                0x0000000000800274       0x15 .build/obj_crkbd_rev1_legacy_thefrey/./lib/keylogger.o
                0x0000000000800274                keylogs_str
 .bss.keylog_str
                0x0000000000800289       0x18 .build/obj_crkbd_rev1_legacy_thefrey/./lib/keylogger.o
                0x0000000000800289                keylog_str
 .bss.maxval.3444
                0x00000000008002a1        0x1 .build/obj_crkbd_rev1_legacy_thefrey/quantum/rgblight.o
 .bss.low_bound.3415
                0x00000000008002a2        0x1 .build/obj_crkbd_rev1_legacy_thefrey/quantum/rgblight.o
 .bss.pos.3399  0x00000000008002a3        0x1 .build/obj_crkbd_rev1_legacy_thefrey/quantum/rgblight.o
 .bss.report_last_timer.3369
                0x00000000008002a4        0x2 .build/obj_crkbd_rev1_legacy_thefrey/quantum/rgblight.o
 .bss.tick_flag.3370
                0x00000000008002a6        0x1 .build/obj_crkbd_rev1_legacy_thefrey/quantum/rgblight.o
 .bss.led_twinkle_state
                0x00000000008002a7       0x87 .build/obj_crkbd_rev1_legacy_thefrey/quantum/rgblight.o
 .bss.animation_status
                0x000000000080032e        0x6 .build/obj_crkbd_rev1_legacy_thefrey/quantum/rgblight.o
                0x000000000080032e                animation_status
 .bss.is_rgblight_initialized
                0x0000000000800334        0x1 .build/obj_crkbd_rev1_legacy_thefrey/quantum/rgblight.o
                0x0000000000800334                is_rgblight_initialized
 .bss.rgblight_status
                0x0000000000800335        0x3 .build/obj_crkbd_rev1_legacy_thefrey/quantum/rgblight.o
                0x0000000000800335                rgblight_status
 .bss.sc_timer  0x0000000000800338        0x2 .build/obj_crkbd_rev1_legacy_thefrey/quantum/process_keycode/process_space_cadet.o